
2026-08-27 21:47:59 | ==============================================================================
2026-08-27 21:47:59 | RUN start  seed=0  device=cuda  batch_size=512  lr=0.0004  wd=1e-06
2026-08-27 21:47:59 | model_config={'channels': 64, 'batch_size': 512, 'seq_len': 125, 'n_bins': 259, 'n_cats': 4, 'n_nums': 15, 'cards': [3, 3, 3, 6], 'feature_size': 278, 'hidden_size': 256, 'num_layers': 2, 'bidirectional': False, 'emb_dim': 128, 'time_dim': 8, 'lat_dim': 32, 'num_terms': 8}
2026-08-27 21:47:59 | resume: past_epoch=0  best_loss=inf
2026-08-27 21:47:59 | beta: max_beta=0.01  min_kl=0.0  warmup=5
2026-08-27 21:47:59 | fixes: grad_clip=OFF  sincos_num_terms=8 (defaults 0/16 reproduce the NaN)
2026-08-27 21:48:09 | hb step=0 ep=0 RE=252.9 KL=0.008905 gnorm=10.61690157373305 wnorm=274.158296663597 mu_absmax=0.3120654821395874 logvar=[-0.3299245834350586,0.4488103985786438] sat_hi=0.0 sine_angle=402.1238596594935 top_grad={'param': 'decoder.decoder_mlp.2.weight', 'grad_norm': 7.12578821182251, 'n_bad': 0}
2026-08-27 21:50:10 | hb step=50 ep=0 RE=15.89 KL=5.626 gnorm=13.260148149209343 wnorm=272.8195405728764 mu_absmax=5.317953586578369 logvar=[0.47978267073631287,2.0] sat_hi=0.8400869369506836 sine_angle=402.1238596594935 top_grad={'param': 'decoder.bins_linear.weight', 'grad_norm': 10.583136558532715, 'n_bad': 0}
2026-08-27 21:50:21 | epoch 0/2000 | tr_RE=72.012906 val_RE=15.667789 KL=4.1630 beta=0.01 | 141.4s
2026-08-27 21:52:23 | hb step=100 ep=1 RE=14.1 KL=5.224 gnorm=2.9848837977876777 wnorm=271.3625724108175 mu_absmax=5.359042644500732 logvar=[0.2755146324634552,2.0] sat_hi=0.7169219255447388 sine_angle=402.1238596594935 top_grad={'param': 'decoder.bins_linear.weight', 'grad_norm': 2.043581008911133, 'n_bad': 0}
2026-08-27 21:52:38 | epoch 1/2000 | tr_RE=14.719561 val_RE=14.340098 KL=5.2363 beta=0.01 | 137.6s
2026-08-27 21:54:36 | hb step=150 ep=2 RE=13.28 KL=5.848 gnorm=3.251960696379562 wnorm=269.9269257700702 mu_absmax=5.570286273956299 logvar=[-0.3293601870536804,2.0] sat_hi=0.7184932231903076 sine_angle=402.1238596594935 top_grad={'param': 'decoder.bins_linear.weight', 'grad_norm': 2.539639711380005, 'n_bad': 0}
2026-08-27 21:54:57 | epoch 2/2000 | tr_RE=13.668434 val_RE=13.028001 KL=5.5555 beta=0.01 | 138.2s
2026-08-27 21:56:48 | hb step=200 ep=3 RE=12.06 KL=6.63 gnorm=8.40145363758088 wnorm=268.7255803717622 mu_absmax=5.7022223472595215 logvar=[-0.8376669883728027,2.0] sat_hi=0.7187490463256836 sine_angle=402.1238596594935 top_grad={'param': 'encoder.Emb.mlp_output.2.weight', 'grad_norm': 5.2102274894714355, 'n_bad': 0}
2026-08-27 21:57:13 | epoch 3/2000 | tr_RE=12.415203 val_RE=12.063615 KL=6.3633 beta=0.01 | 137.0s
2026-08-27 21:59:01 | hb step=250 ep=4 RE=11.78 KL=7.222 gnorm=593720.3752136788 wnorm=269.5140496555579 mu_absmax=5.8135199546813965 logvar=[-1.3348196744918823,2.0] sat_hi=0.7187500596046448 sine_angle=402.1238596594935 top_grad={'param': 'encoder.Emb.mlp_output.2.weight', 'grad_norm': 570582.625, 'n_bad': 0}
2026-08-27 21:59:31 | epoch 4/2000 | tr_RE=11.769956 val_RE=11.664943 KL=7.0307 beta=0.01 | 137.2s
2026-08-27 22:01:13 | hb step=300 ep=5 RE=12.13 KL=7.686 gnorm=472917.44011332537 wnorm=269.33187201437266 mu_absmax=6.838210582733154 logvar=[-1.7345647811889648,2.0] sat_hi=0.7187500596046448 sine_angle=402.1238596594935 top_grad={'param': 'encoder.Emb.mlp_output.2.weight', 'grad_norm': 411608.78125, 'n_bad': 0}
2026-08-27 22:01:48 | epoch 5/2000 | tr_RE=11.514485 val_RE=11.486759 KL=7.5600 beta=0.01 | 137.5s
2026-08-27 22:03:26 | hb step=350 ep=6 RE=11.43 KL=8.033 gnorm=24027.383300539146 wnorm=269.20157957429564 mu_absmax=7.778708457946777 logvar=[-2.0025763511657715,2.0] sat_hi=0.7187500596046448 sine_angle=402.1238596594935 top_grad={'param': 'encoder.Emb.mlp_output.2.weight', 'grad_norm': 17822.34375, 'n_bad': 0}
2026-08-27 22:04:05 | epoch 6/2000 | tr_RE=11.383608 val_RE=11.395938 KL=7.9434 beta=0.01 | 137.1s
2026-08-27 22:05:38 | hb step=400 ep=7 RE=11.67 KL=8.441 gnorm=111256.31330814575 wnorm=269.1780932719616 mu_absmax=8.541788101196289 logvar=[-2.250481128692627,2.0] sat_hi=0.7187500596046448 sine_angle=402.1238596594935 top_grad={'param': 'encoder.Emb.mlp_output.2.weight', 'grad_norm': 104764.9921875, 'n_bad': 0}
2026-08-27 22:06:23 | epoch 7/2000 | tr_RE=11.307014 val_RE=11.336921 KL=8.3392 beta=0.0025 | 137.7s
2026-08-27 22:07:50 | hb step=450 ep=8 RE=11.22 KL=8.797 gnorm=131460.65198913752 wnorm=269.1788607464427 mu_absmax=9.140177726745605 logvar=[-2.4701972007751465,2.0] sat_hi=0.7187500596046448 sine_angle=402.1238596594935 top_grad={'param': 'encoder.Emb.mlp_output.2.weight', 'grad_norm': 119955.6875, 'n_bad': 0}
2026-08-27 22:08:40 | epoch 8/2000 | tr_RE=11.251986 val_RE=11.285554 KL=8.7463 beta=0.005 | 137.2s
2026-08-27 22:10:03 | hb step=500 ep=9 RE=11.04 KL=8.963 gnorm=248548.4840050956 wnorm=269.2004543064253 mu_absmax=9.714738845825195 logvar=[-2.65260648727417,2.0] sat_hi=0.7187500596046448 sine_angle=402.1238596594935 top_grad={'param': 'encoder.Emb.mlp_output.2.weight', 'grad_norm': 212723.015625, 'n_bad': 0}
2026-08-27 22:10:57 | epoch 9/2000 | tr_RE=11.199276 val_RE=11.247948 KL=8.9453 beta=0.0075 | 137.2s
2026-08-27 22:12:16 | hb step=550 ep=10 RE=11.19 KL=8.934 gnorm=34242176.35625867 wnorm=269.2744444149401 mu_absmax=10.318355560302734 logvar=[-2.831045627593994,2.0] sat_hi=0.7187500596046448 sine_angle=402.1238596594935 top_grad={'param': 'encoder.Emb.mlp_output.2.weight', 'grad_norm': 30747474.0, 'n_bad': 0}
2026-08-27 22:13:15 | epoch 10/2000 | tr_RE=11.164720 val_RE=11.195131 KL=8.9512 beta=0.01 | 137.2s
2026-08-27 22:14:28 | hb step=600 ep=11 RE=11.09 KL=9.282 gnorm=37366623355.12948 wnorm=269.2514313170081 mu_absmax=10.84848690032959 logvar=[-3.0035152435302734,2.0] sat_hi=0.7187500596046448 sine_angle=402.1238596594935 top_grad={'param': 'encoder.Emb.mlp_output.2.weight', 'grad_norm': 32082663424.0, 'n_bad': 0}
2026-08-27 22:15:32 | epoch 11/2000 | tr_RE=11.124648 val_RE=11.165125 KL=9.2339 beta=0 | 136.9s
2026-08-27 22:16:40 | hb step=650 ep=12 RE=11.64 KL=9.743 gnorm=46317845.62670036 wnorm=269.23619108995626 mu_absmax=11.29773998260498 logvar=[-3.1946861743927,2.0] sat_hi=0.7187500596046448 sine_angle=402.1238596594935 top_grad={'param': 'encoder.Emb.mlp_output.2.weight', 'grad_norm': 42591324.0, 'n_bad': 0}
2026-08-27 22:17:49 | epoch 12/2000 | tr_RE=11.092097 val_RE=11.125494 KL=9.7225 beta=0.0025 | 136.9s
2026-08-27 22:18:52 | hb step=700 ep=13 RE=10.96 KL=9.879 gnorm=996290440.1203003 wnorm=269.22725856682547 mu_absmax=11.783900260925293 logvar=[-3.3497207164764404,2.0] sat_hi=0.7187500596046448 sine_angle=402.1238596594935 top_grad={'param': 'encoder.Emb.mlp_output.2.weight', 'grad_norm': 857526784.0, 'n_bad': 0}
2026-08-27 22:20:06 | epoch 13/2000 | tr_RE=11.067220 val_RE=11.118552 KL=9.8693 beta=0.005 | 137.2s
2026-08-27 22:21:05 | hb step=750 ep=14 RE=10.7 KL=9.621 gnorm=16555374.98969313 wnorm=269.230592311613 mu_absmax=12.181661605834961 logvar=[-3.470977544784546,2.0] sat_hi=0.7187500596046448 sine_angle=402.1238596594935 top_grad={'param': 'encoder.Emb.mlp_output.2.weight', 'grad_norm': 14236120.0, 'n_bad': 0}
2026-08-27 22:22:23 | epoch 14/2000 | tr_RE=11.048908 val_RE=11.092549 KL=9.6421 beta=0.0075 | 137.4s
2026-08-27 22:23:17 | hb step=800 ep=15 RE=11.3 KL=9.228 gnorm=159664072.91292736 wnorm=269.2549390642837 mu_absmax=12.573981285095215 logvar=[-3.588071823120117,2.0] sat_hi=0.7187500596046448 sine_angle=402.1238596594935 top_grad={'param': 'encoder.Emb.mlp_output.2.weight', 'grad_norm': 142614448.0, 'n_bad': 0}
2026-08-27 22:24:41 | epoch 15/2000 | tr_RE=11.039388 val_RE=11.100131 KL=9.1268 beta=0.01 | 137.4s
2026-08-27 22:25:30 | hb step=850 ep=16 RE=10.7 KL=9 gnorm=17889640.49879402 wnorm=269.2924609719852 mu_absmax=12.899182319641113 logvar=[-3.698704242706299,2.0] sat_hi=0.7187500596046448 sine_angle=402.1238596594935 top_grad={'param': 'encoder.Emb.mlp_output.2.weight', 'grad_norm': 13334439.0, 'n_bad': 0}
2026-08-27 22:26:59 | epoch 16/2000 | tr_RE=10.996435 val_RE=11.102260 KL=8.8582 beta=0 | 138.2s
2026-08-27 22:27:44 | hb step=900 ep=17 RE=10.95 KL=8.532 gnorm=1828435607.945922 wnorm=269.35056025907926 mu_absmax=13.22897720336914 logvar=[-3.8500378131866455,2.0] sat_hi=0.7187500596046448 sine_angle=402.1238596594935 top_grad={'param': 'encoder.Emb.mlp_output.2.weight', 'grad_norm': 1424758656.0, 'n_bad': 0}
2026-08-27 22:29:17 | epoch 17/2000 | tr_RE=10.882882 val_RE=10.970696 KL=8.2434 beta=0.0025 | 138.0s
2026-08-27 22:29:56 | hb step=950 ep=18 RE=10.65 KL=7.731 gnorm=33802865117.676357 wnorm=269.38591780844604 mu_absmax=13.660666465759277 logvar=[-4.002333164215088,2.0] sat_hi=0.7187500596046448 sine_angle=402.1238596594935 top_grad={'param': 'encoder.Emb.mlp_output.2.weight', 'grad_norm': 28381513728.0, 'n_bad': 0}
2026-08-27 22:31:34 | epoch 18/2000 | tr_RE=10.770729 val_RE=10.917242 KL=7.8304 beta=0.005 | 137.4s
2026-08-27 22:32:09 | hb step=1000 ep=19 RE=10.68 KL=7.861 gnorm=3047594149.887778 wnorm=269.4179323018555 mu_absmax=14.008962631225586 logvar=[-4.132347583770752,2.0] sat_hi=0.7187500596046448 sine_angle=402.1238596594935 top_grad={'param': 'encoder.Emb.mlp_output.2.weight', 'grad_norm': 2564368896.0, 'n_bad': 0}
2026-08-27 22:33:52 | epoch 19/2000 | tr_RE=10.711692 val_RE=10.811426 KL=7.7742 beta=0.0075 | 137.9s
2026-08-27 22:34:22 | hb step=1050 ep=20 RE=11.07 KL=7.689 gnorm=422482131177.25476 wnorm=269.4464068372026 mu_absmax=14.317558288574219 logvar=[-4.229409694671631,2.0] sat_hi=0.7187500596046448 sine_angle=402.1238596594935 top_grad={'param': 'encoder.Emb.mlp_output.2.weight', 'grad_norm': 345112313856.0, 'n_bad': 0}
2026-08-27 22:36:10 | epoch 20/2000 | tr_RE=10.681427 val_RE=10.794727 KL=7.6092 beta=0.01 | 137.6s
2026-08-27 22:36:35 | hb step=1100 ep=21 RE=10.55 KL=7.494 gnorm=74453360.3165098 wnorm=269.33165273477795 mu_absmax=14.608009338378906 logvar=[-4.325541973114014,2.0] sat_hi=0.7187500596046448 sine_angle=402.1238596594935 top_grad={'param': 'encoder.Emb.mlp_output.2.weight', 'grad_norm': 56212832.0, 'n_bad': 0}
2026-08-27 22:38:27 | epoch 21/2000 | tr_RE=10.643902 val_RE=10.986627 KL=7.7562 beta=0 | 137.0s
2026-08-27 22:38:48 | hb step=1150 ep=22 RE=10.27 KL=8.141 gnorm=3939078.7544456567 wnorm=269.27652316861224 mu_absmax=15.030532836914062 logvar=[-4.470760345458984,2.0] sat_hi=0.7187500596046448 sine_angle=402.1238596594935 top_grad={'param': 'encoder.Emb.mlp_output.2.weight', 'grad_norm': 3570507.75, 'n_bad': 0}
2026-08-27 22:40:45 | epoch 22/2000 | tr_RE=10.619561 val_RE=10.809590 KL=8.0372 beta=0.0025 | 138.5s
2026-08-27 22:41:01 | hb step=1200 ep=23 RE=10.46 KL=8.072 gnorm=2423178.4055415103 wnorm=269.25132126435676 mu_absmax=15.323800086975098 logvar=[-4.583957195281982,2.0] sat_hi=0.7187500596046448 sine_angle=402.1238596594935 top_grad={'param': 'encoder.Emb.mlp_output.2.weight', 'grad_norm': 1740338.625, 'n_bad': 0}
2026-08-27 22:43:03 | epoch 23/2000 | tr_RE=10.607363 val_RE=10.802122 KL=8.0173 beta=0.005 | 137.9s
2026-08-27 22:43:14 | hb step=1250 ep=24 RE=10.6 KL=7.957 gnorm=4966256.3276966 wnorm=269.2272725103048 mu_absmax=15.554988861083984 logvar=[-4.691875457763672,2.0] sat_hi=0.7187500596046448 sine_angle=402.1238596594935 top_grad={'param': 'encoder.Emb.mlp_output.2.weight', 'grad_norm': 3234798.5, 'n_bad': 0}
2026-08-27 22:45:21 | epoch 24/2000 | tr_RE=10.590114 val_RE=10.726309 KL=7.8209 beta=0.0075 | 137.6s
2026-08-27 22:45:26 | hb step=1300 ep=25 RE=10.34 KL=7.756 gnorm=3849447.8916213205 wnorm=269.2053680667943 mu_absmax=15.723612785339355 logvar=[-4.771069049835205,2.0] sat_hi=0.7187500596046448 sine_angle=402.1238596594935 top_grad={'param': 'encoder.Emb.mlp_output.2.weight', 'grad_norm': 2911228.0, 'n_bad': 0}
2026-08-27 22:47:26 | hb step=1350 ep=25 RE=10.22 KL=7.405 gnorm=6040277.1567823235 wnorm=269.1834754897097 mu_absmax=15.810713768005371 logvar=[-4.8408355712890625,2.0] sat_hi=0.7187500596046448 sine_angle=402.1238596594935 top_grad={'param': 'encoder.Emb.mlp_output.2.weight', 'grad_norm': 4016374.75, 'n_bad': 0}
2026-08-27 22:47:37 | epoch 25/2000 | tr_RE=10.576867 val_RE=10.844375 KL=7.5124 beta=0.01 | 136.7s
2026-08-27 22:49:39 | hb step=1400 ep=26 RE=10.75 KL=7.735 gnorm=9761077.208247844 wnorm=269.16070055154677 mu_absmax=15.919877052307129 logvar=[-4.9636616706848145,2.0] sat_hi=0.7187500596046448 sine_angle=402.1238596594935 top_grad={'param': 'encoder.Emb.mlp_output.2.weight', 'grad_norm': 6618320.0, 'n_bad': 0}
2026-08-27 22:49:54 | epoch 26/2000 | tr_RE=10.567345 val_RE=10.740395 KL=7.5328 beta=0 | 137.1s
2026-08-27 22:51:51 | hb step=1450 ep=27 RE=10.57 KL=7.77 gnorm=4859430.728825224 wnorm=269.13829053396836 mu_absmax=16.029850006103516 logvar=[-5.069926738739014,2.0] sat_hi=0.7187500596046448 sine_angle=402.1238596594935 top_grad={'param': 'encoder.Emb.mlp_output.2.weight', 'grad_norm': 4040844.75, 'n_bad': 0}
2026-08-27 22:52:12 | epoch 27/2000 | tr_RE=10.556347 val_RE=10.806885 KL=7.7398 beta=0.0025 | 137.8s
2026-08-27 22:54:04 | hb step=1500 ep=28 RE=10.34 KL=7.531 gnorm=19514683.04917025 wnorm=269.11656504203467 mu_absmax=16.20528221130371 logvar=[-5.135740280151367,2.0] sat_hi=0.7187500596046448 sine_angle=402.1238596594935 top_grad={'param': 'encoder.Emb.mlp_output.2.weight', 'grad_norm': 14577827.0, 'n_bad': 0}
2026-08-27 22:54:29 | epoch 28/2000 | tr_RE=10.550378 val_RE=10.676488 KL=7.6772 beta=0.005 | 137.2s
2026-08-27 22:56:16 | hb step=1550 ep=29 RE=10.41 KL=7.582 gnorm=12434728.915668208 wnorm=269.0976952809896 mu_absmax=16.2983341217041 logvar=[-5.201324462890625,2.0] sat_hi=0.7187500596046448 sine_angle=402.1238596594935 top_grad={'param': 'encoder.Emb.mlp_output.2.weight', 'grad_norm': 8101944.5, 'n_bad': 0}
2026-08-27 22:56:47 | epoch 29/2000 | tr_RE=10.543299 val_RE=10.697238 KL=7.4750 beta=0.0075 | 137.1s
2026-08-27 22:58:29 | hb step=1600 ep=30 RE=10.29 KL=7.021 gnorm=11527933.967297142 wnorm=269.079979522639 mu_absmax=16.47812271118164 logvar=[-5.239741325378418,2.0] sat_hi=0.7187500596046448 sine_angle=402.1238596594935 top_grad={'param': 'encoder.Emb.mlp_output.2.weight', 'grad_norm': 7800775.0, 'n_bad': 0}
2026-08-27 22:59:04 | epoch 30/2000 | tr_RE=10.542371 val_RE=10.746401 KL=7.1553 beta=0.01 | 137.4s
2026-08-27 23:00:42 | hb step=1650 ep=31 RE=10.54 KL=7.191 gnorm=5788323.5990233645 wnorm=269.06154872354944 mu_absmax=16.495136260986328 logvar=[-5.320699691772461,2.0] sat_hi=0.7187500596046448 sine_angle=402.1238596594935 top_grad={'param': 'encoder.Emb.mlp_output.2.weight', 'grad_norm': 4318431.0, 'n_bad': 0}
2026-08-27 23:01:21 | epoch 31/2000 | tr_RE=10.523788 val_RE=10.741525 KL=7.1203 beta=0 | 137.4s
2026-08-27 23:02:54 | hb step=1700 ep=32 RE=10.42 KL=7.174 gnorm=6361995.240322466 wnorm=269.0440503859812 mu_absmax=16.68524742126465 logvar=[-5.424713134765625,2.0] sat_hi=0.7187500596046448 sine_angle=402.1238596594935 top_grad={'param': 'encoder.Emb.mlp_output.2.weight', 'grad_norm': 5552538.0, 'n_bad': 0}
2026-08-27 23:03:39 | epoch 32/2000 | tr_RE=10.511971 val_RE=10.688440 KL=7.2726 beta=0.0025 | 137.5s
2026-08-27 23:05:06 | hb step=1750 ep=33 RE=10.69 KL=7.157 gnorm=6758716.213823553 wnorm=269.0277434553122 mu_absmax=16.792081832885742 logvar=[-5.5021538734436035,2.0] sat_hi=0.7187500596046448 sine_angle=402.1238596594935 top_grad={'param': 'encoder.Emb.mlp_output.2.weight', 'grad_norm': 4764666.5, 'n_bad': 0}
2026-08-27 23:05:56 | epoch 33/2000 | tr_RE=10.512525 val_RE=10.637818 KL=7.2291 beta=0.005 | 137.3s
2026-08-27 23:07:20 | hb step=1800 ep=34 RE=10.88 KL=6.887 gnorm=7870423.739972063 wnorm=269.0113090645696 mu_absmax=16.90305519104004 logvar=[-5.562723159790039,2.0] sat_hi=0.7187500596046448 sine_angle=402.1238596594935 top_grad={'param': 'encoder.Emb.mlp_output.2.weight', 'grad_norm': 5368934.5, 'n_bad': 0}
2026-08-27 23:08:14 | epoch 34/2000 | tr_RE=10.497226 val_RE=10.647441 KL=7.0051 beta=0.0075 | 137.8s
2026-08-27 23:09:32 | hb step=1850 ep=35 RE=10.17 KL=6.716 gnorm=3125359.61658836 wnorm=268.9964439057437 mu_absmax=17.0050048828125 logvar=[-5.595179080963135,2.0] sat_hi=0.7187500596046448 sine_angle=402.1238596594935 top_grad={'param': 'encoder.Emb.mlp_output.2.weight', 'grad_norm': 2190204.25, 'n_bad': 0}
2026-08-27 23:10:31 | epoch 35/2000 | tr_RE=10.496922 val_RE=10.647088 KL=6.6949 beta=0.01 | 137.4s
2026-08-27 23:11:44 | hb step=1900 ep=36 RE=10.46 KL=6.654 gnorm=4719885.598632657 wnorm=268.9820153436428 mu_absmax=17.098342895507812 logvar=[-5.668069362640381,2.0] sat_hi=0.7187500596046448 sine_angle=402.1238596594935 top_grad={'param': 'encoder.Emb.mlp_output.2.weight', 'grad_norm': 4146658.0, 'n_bad': 0}
2026-08-27 23:12:48 | epoch 36/2000 | tr_RE=10.479010 val_RE=10.625828 KL=6.6487 beta=0 | 136.7s
2026-08-27 23:13:57 | hb step=1950 ep=37 RE=10.22 KL=6.786 gnorm=6390232.359832976 wnorm=268.9691707100835 mu_absmax=17.18058967590332 logvar=[-5.809597015380859,2.0] sat_hi=0.7187500596046448 sine_angle=402.1238596594935 top_grad={'param': 'encoder.Emb.mlp_output.2.weight', 'grad_norm': 4697315.5, 'n_bad': 0}
2026-08-27 23:15:05 | epoch 37/2000 | tr_RE=10.472515 val_RE=10.677746 KL=6.7695 beta=0.0025 | 137.3s
2026-08-27 23:16:09 | hb step=2000 ep=38 RE=10.5 KL=6.725 gnorm=16451942.326781562 wnorm=268.95693704308894 mu_absmax=17.303997039794922 logvar=[-5.896482467651367,2.0] sat_hi=0.7187500596046448 sine_angle=402.1238596594935 top_grad={'param': 'encoder.Emb.mlp_output.2.weight', 'grad_norm': 13182739.0, 'n_bad': 0}
2026-08-27 23:17:22 | epoch 38/2000 | tr_RE=10.463223 val_RE=10.617724 KL=6.7223 beta=0.005 | 137.2s
2026-08-27 23:18:21 | hb step=2050 ep=39 RE=10.29 KL=6.643 gnorm=5758042.00596013 wnorm=268.94509989022526 mu_absmax=17.40243148803711 logvar=[-5.956890106201172,2.0] sat_hi=0.7187500596046448 sine_angle=402.1238596594935 top_grad={'param': 'encoder.Emb.mlp_output.2.weight', 'grad_norm': 4004356.75, 'n_bad': 0}
2026-08-27 23:19:39 | epoch 39/2000 | tr_RE=10.462863 val_RE=10.605411 KL=6.5570 beta=0.0075 | 137.0s
2026-08-27 23:20:34 | hb step=2100 ep=40 RE=10.28 KL=6.318 gnorm=5465670.754709658 wnorm=268.93517436212227 mu_absmax=17.5738525390625 logvar=[-5.961222171783447,2.0] sat_hi=0.7187500596046448 sine_angle=402.1238596594935 top_grad={'param': 'encoder.Emb.mlp_output.2.weight', 'grad_norm': 3800614.5, 'n_bad': 0}
2026-08-27 23:21:57 | epoch 40/2000 | tr_RE=10.455268 val_RE=10.622869 KL=6.2881 beta=0.01 | 137.2s
2026-08-27 23:22:46 | hb step=2150 ep=41 RE=10.4 KL=6.2 gnorm=3523011.1728965673 wnorm=268.92791693008996 mu_absmax=17.6629581451416 logvar=[-5.978520393371582,2.0] sat_hi=0.7187500596046448 sine_angle=402.1238596594935 top_grad={'param': 'encoder.Emb.mlp_output.2.weight', 'grad_norm': 2511380.75, 'n_bad': 0}
2026-08-27 23:24:14 | epoch 41/2000 | tr_RE=10.448638 val_RE=10.631808 KL=6.2553 beta=0 | 137.4s
2026-08-27 23:24:59 | hb step=2200 ep=42 RE=10.26 KL=6.41 gnorm=6077626.152733369 wnorm=268.91934702277086 mu_absmax=17.674964904785156 logvar=[-6.0,2.0] sat_hi=0.7187500596046448 sine_angle=402.1238596594935 top_grad={'param': 'encoder.Emb.mlp_output.2.weight', 'grad_norm': 5055763.5, 'n_bad': 0}
2026-08-27 23:26:31 | epoch 42/2000 | tr_RE=10.471273 val_RE=10.611430 KL=6.3954 beta=0.0025 | 137.1s
2026-08-27 23:27:11 | hb step=2250 ep=43 RE=10.56 KL=6.313 gnorm=3078649.4204628137 wnorm=268.91975392007674 mu_absmax=17.87413215637207 logvar=[-6.0,2.0] sat_hi=0.7187500596046448 sine_angle=402.1238596594935 top_grad={'param': 'encoder.Emb.mlp_output.2.weight', 'grad_norm': 2919057.5, 'n_bad': 0}
2026-08-27 23:28:48 | epoch 43/2000 | tr_RE=10.561500 val_RE=10.593628 KL=6.3691 beta=0.005 | 137.2s
2026-08-27 23:29:23 | hb step=2300 ep=44 RE=10.43 KL=6.36 gnorm=3453434.131375548 wnorm=268.92244243600373 mu_absmax=17.7989501953125 logvar=[-6.0,2.0] sat_hi=0.7187500596046448 sine_angle=402.1238596594935 top_grad={'param': 'encoder.Emb.mlp_output.2.weight', 'grad_norm': 2674111.75, 'n_bad': 0}
2026-08-27 23:31:05 | epoch 44/2000 | tr_RE=10.596893 val_RE=10.559741 KL=6.2014 beta=0.0075 | 136.8s
2026-08-27 23:31:35 | hb step=2350 ep=45 RE=10.45 KL=6.017 gnorm=1376909.3494637504 wnorm=268.9245390011691 mu_absmax=17.88713264465332 logvar=[-6.0,2.0] sat_hi=0.7187500596046448 sine_angle=402.1238596594935 top_grad={'param': 'encoder.Emb.mlp_output.2.weight', 'grad_norm': 1301431.0, 'n_bad': 0}
2026-08-27 23:33:22 | epoch 45/2000 | tr_RE=10.643706 val_RE=10.550383 KL=5.8907 beta=0.01 | 137.0s
2026-08-27 23:33:48 | hb step=2400 ep=46 RE=10.69 KL=5.774 gnorm=3375178.439971404 wnorm=268.9244271848252 mu_absmax=17.89310646057129 logvar=[-6.0,2.0] sat_hi=0.7187500596046448 sine_angle=402.1238596594935 top_grad={'param': 'encoder.Emb.mlp_output.2.weight', 'grad_norm': 2703664.0, 'n_bad': 0}
2026-08-27 23:35:39 | epoch 46/2000 | tr_RE=10.678873 val_RE=10.577735 KL=5.8896 beta=0 | 137.2s
2026-08-27 23:36:00 | hb step=2450 ep=47 RE=10.55 KL=6.058 gnorm=2818467.1908182516 wnorm=268.9241582063355 mu_absmax=17.939693450927734 logvar=[-6.0,2.0] sat_hi=0.7187500596046448 sine_angle=402.1238596594935 top_grad={'param': 'encoder.Emb.mlp_output.2.weight', 'grad_norm': 2256493.25, 'n_bad': 0}
2026-08-27 23:37:57 | epoch 47/2000 | tr_RE=10.775388 val_RE=10.604686 KL=6.0164 beta=0.0025 | 137.3s
2026-08-27 23:38:12 | hb step=2500 ep=48 RE=10.35 KL=6.063 gnorm=8778184.963788103 wnorm=268.9211864032304 mu_absmax=18.057687759399414 logvar=[-6.0,2.0] sat_hi=0.7187500596046448 sine_angle=402.1238596594935 top_grad={'param': 'encoder.Emb.mlp_output.2.weight', 'grad_norm': 8475331.0, 'n_bad': 0}
2026-08-27 23:40:13 | epoch 48/2000 | tr_RE=10.773703 val_RE=10.520340 KL=5.9476 beta=0.005 | 136.5s
2026-08-27 23:40:24 | hb step=2550 ep=49 RE=10.62 KL=5.859 gnorm=4724393.473289373 wnorm=268.9054047504469 mu_absmax=18.13371467590332 logvar=[-6.0,2.0] sat_hi=0.7187500596046448 sine_angle=402.1238596594935 top_grad={'param': 'encoder.Emb.mlp_output.2.weight', 'grad_norm': 4159115.25, 'n_bad': 0}
2026-08-27 23:42:31 | epoch 49/2000 | tr_RE=10.871501 val_RE=10.553365 KL=5.7538 beta=0.0075 | 137.5s
2026-08-27 23:42:37 | hb step=2600 ep=50 RE=11.11 KL=5.671 gnorm=5559994.105827349 wnorm=268.89844212357167 mu_absmax=18.149911880493164 logvar=[-6.0,2.0] sat_hi=0.7187500596046448 sine_angle=402.1238596594935 top_grad={'param': 'encoder.Emb.mlp_output.2.weight', 'grad_norm': 5193868.5, 'n_bad': 0}
2026-08-27 23:44:37 | hb step=2650 ep=50 RE=11.32 KL=5.355 gnorm=5917946.773185762 wnorm=268.8921658691701 mu_absmax=18.131500244140625 logvar=[-6.0,2.0] sat_hi=0.7187500596046448 sine_angle=402.1238596594935 top_grad={'param': 'encoder.Emb.mlp_output.2.weight', 'grad_norm': 5182243.0, 'n_bad': 0}
2026-08-27 23:44:48 | epoch 50/2000 | tr_RE=10.936814 val_RE=10.567281 KL=5.5300 beta=0.01 | 137.2s
2026-08-27 23:46:50 | hb step=2700 ep=51 RE=11.07 KL=5.636 gnorm=4871100.268621324 wnorm=268.8856662185298 mu_absmax=18.127893447875977 logvar=[-6.0,2.0] sat_hi=0.7187500596046448 sine_angle=402.1238596594935 top_grad={'param': 'encoder.Emb.mlp_output.2.weight', 'grad_norm': 4131299.25, 'n_bad': 0}
2026-08-27 23:47:06 | epoch 51/2000 | tr_RE=10.928412 val_RE=10.550885 KL=5.4978 beta=0 | 137.9s
2026-08-27 23:49:02 | hb step=2750 ep=52 RE=11.37 KL=5.553 gnorm=8785192.474161323 wnorm=268.88028391225544 mu_absmax=18.114845275878906 logvar=[-6.0,2.0] sat_hi=0.7187500596046448 sine_angle=402.1238596594935 top_grad={'param': 'encoder.Emb.mlp_output.2.weight', 'grad_norm': 7484362.0, 'n_bad': 0}
2026-08-27 23:49:23 | epoch 52/2000 | tr_RE=10.896027 val_RE=10.522416 KL=5.5700 beta=0.0025 | 137.0s
2026-08-27 23:51:15 | hb step=2800 ep=53 RE=11.15 KL=5.411 gnorm=3289224569.8857126 wnorm=268.87875328419864 mu_absmax=18.249610900878906 logvar=[-6.0,2.0] sat_hi=0.7187500596046448 sine_angle=402.1238596594935 top_grad={'param': 'encoder.Emb.mlp_output.2.weight', 'grad_norm': 2913938432.0, 'n_bad': 0}
2026-08-27 23:51:40 | epoch 53/2000 | tr_RE=10.912137 val_RE=10.491142 KL=5.4959 beta=0.005 | 137.3s
2026-08-27 23:53:27 | hb step=2850 ep=54 RE=10.96 KL=5.327 gnorm=54410.253590159446 wnorm=268.6922730057878 mu_absmax=18.32598876953125 logvar=[-6.0,2.0] sat_hi=0.7187500596046448 sine_angle=402.1238596594935 top_grad={'param': 'encoder.Emb.mlp_output.0.weight', 'grad_norm': 38814.7734375, 'n_bad': 0}
2026-08-27 23:53:57 | epoch 54/2000 | tr_RE=11.027734 val_RE=10.525369 KL=5.3717 beta=0.0075 | 137.0s
2026-08-27 23:55:40 | hb step=2900 ep=55 RE=10.53 KL=5.047 gnorm=182927.3867003518 wnorm=268.6804883873383 mu_absmax=18.31511688232422 logvar=[-6.0,2.0] sat_hi=0.7187500596046448 sine_angle=402.1238596594935 top_grad={'param': 'encoder.Emb.mlp_output.0.weight', 'grad_norm': 135473.921875, 'n_bad': 0}
2026-08-27 23:56:15 | epoch 55/2000 | tr_RE=10.998441 val_RE=10.498623 KL=5.1545 beta=0.01 | 137.5s
2026-08-27 23:57:52 | hb step=2950 ep=56 RE=11.01 KL=5.18 gnorm=116517.94153705318 wnorm=268.69221016426206 mu_absmax=18.26993179321289 logvar=[-6.0,2.0] sat_hi=0.7187500596046448 sine_angle=402.1238596594935 top_grad={'param': 'encoder.Emb.mlp_output.2.weight', 'grad_norm': 86495.84375, 'n_bad': 0}
2026-08-27 23:58:32 | epoch 56/2000 | tr_RE=10.791882 val_RE=10.482274 KL=5.1370 beta=0 | 137.1s
2026-08-28 00:00:04 | hb step=3000 ep=57 RE=12.55 KL=5.169 gnorm=468558.41718326195 wnorm=268.7164621067133 mu_absmax=18.234785079956055 logvar=[-6.0,2.0] sat_hi=0.7187500596046448 sine_angle=402.1238596594935 top_grad={'param': 'encoder.Emb.mlp_output.0.weight', 'grad_norm': 297284.125, 'n_bad': 0}
2026-08-28 00:00:49 | epoch 57/2000 | tr_RE=11.659596 val_RE=13.261246 KL=5.1251 beta=0.0025 | 137.2s
2026-08-28 00:02:18 | hb step=3050 ep=58 RE=14.82 KL=4.988 gnorm=9165588.242033944 wnorm=268.759872771174 mu_absmax=18.124916076660156 logvar=[-6.0,2.0] sat_hi=0.7187500596046448 sine_angle=402.1238596594935 top_grad={'param': 'encoder.Emb.mlp_output.2.weight', 'grad_norm': 7140754.5, 'n_bad': 0}
2026-08-28 00:03:07 | epoch 58/2000 | tr_RE=20.016360 val_RE=17.682692 KL=5.1027 beta=0.005 | 138.3s
2026-08-28 00:04:30 | hb step=3100 ep=59 RE=30.9 KL=5.237 gnorm=1595073342.5071654 wnorm=268.80061531213227 mu_absmax=19.06087303161621 logvar=[-6.0,2.0] sat_hi=0.7187500596046448 sine_angle=402.1238596594935 top_grad={'param': 'encoder.Emb.mlp_output.2.weight', 'grad_norm': 1248164864.0, 'n_bad': 0}
2026-08-28 00:05:24 | epoch 59/2000 | tr_RE=21.422125 val_RE=14.211802 KL=5.1239 beta=0.0075 | 136.8s
2026-08-28 00:06:42 | hb step=3150 ep=60 RE=13.45 KL=5.101 gnorm=3432645.910167804 wnorm=268.8169745700919 mu_absmax=19.127317428588867 logvar=[-6.0,2.0] sat_hi=0.7187500596046448 sine_angle=402.1238596594935 top_grad={'param': 'encoder.Emb.mlp_output.2.weight', 'grad_norm': 2215395.25, 'n_bad': 0}
2026-08-28 00:07:41 | epoch 60/2000 | tr_RE=19.305377 val_RE=11.925740 KL=5.0963 beta=0.01 | 137.0s
2026-08-28 00:08:55 | hb step=3200 ep=61 RE=17.35 KL=5.188 gnorm=4402059.117428107 wnorm=268.84561196749576 mu_absmax=19.78609848022461 logvar=[-6.0,2.0] sat_hi=0.7187500596046448 sine_angle=402.1238596594935 top_grad={'param': 'encoder.Emb.mlp_output.2.weight', 'grad_norm': 3029613.0, 'n_bad': 0}
2026-08-28 00:09:59 | epoch 61/2000 | tr_RE=17.793751 val_RE=11.561021 KL=5.1392 beta=0 | 137.4s
2026-08-28 00:11:07 | hb step=3250 ep=62 RE=12.53 KL=5.229 gnorm=69049616.2982656 wnorm=268.88121277159485 mu_absmax=20.266321182250977 logvar=[-6.0,2.0] sat_hi=0.7187500596046448 sine_angle=402.1238596594935 top_grad={'param': 'encoder.Emb.mlp_output.2.weight', 'grad_norm': 58521764.0, 'n_bad': 0}
2026-08-28 00:12:16 | epoch 62/2000 | tr_RE=16.719513 val_RE=11.825686 KL=5.3180 beta=0.0025 | 137.2s
2026-08-28 00:12:16 | patience>5: max_beta -> 0.005
2026-08-28 00:13:19 | hb step=3300 ep=63 RE=16.22 KL=5.269 gnorm=18423124.93866906 wnorm=268.91925645275046 mu_absmax=20.2807559967041 logvar=[-6.0,2.0] sat_hi=0.7187500596046448 sine_angle=402.1238596594935 top_grad={'param': 'encoder.Emb.mlp_output.2.weight', 'grad_norm': 12350536.0, 'n_bad': 0}
2026-08-28 00:14:33 | epoch 63/2000 | tr_RE=17.345308 val_RE=11.224513 KL=5.3302 beta=0.005 | 137.0s
2026-08-28 00:15:32 | hb step=3350 ep=64 RE=12.83 KL=5.22 gnorm=23376934.08711036 wnorm=268.9653270637267 mu_absmax=20.58616065979004 logvar=[-6.0,2.0] sat_hi=0.7187500596046448 sine_angle=402.1238596594935 top_grad={'param': 'encoder.Emb.mlp_output.2.weight', 'grad_norm': 20112084.0, 'n_bad': 0}
2026-08-28 00:16:50 | epoch 64/2000 | tr_RE=17.425197 val_RE=10.285177 KL=5.2589 beta=0.00375 | 137.7s
2026-08-28 00:17:45 | hb step=3400 ep=65 RE=17.61 KL=5.217 gnorm=83894551.28314476 wnorm=269.01693620687536 mu_absmax=20.570558547973633 logvar=[-6.0,2.0] sat_hi=0.7187500596046448 sine_angle=402.1238596594935 top_grad={'param': 'encoder.Emb.mlp_output.2.weight', 'grad_norm': 70286552.0, 'n_bad': 0}
2026-08-28 00:19:08 | epoch 65/2000 | tr_RE=21.772290 val_RE=9.990904 KL=5.1677 beta=0.005 | 137.5s
2026-08-28 00:19:57 | hb step=3450 ep=66 RE=27.7 KL=5.06 gnorm=100845570.00405337 wnorm=269.0553084166982 mu_absmax=19.85316276550293 logvar=[-6.0,2.0] sat_hi=0.7187500596046448 sine_angle=402.1238596594935 top_grad={'param': 'encoder.Emb.mlp_output.2.weight', 'grad_norm': 83170856.0, 'n_bad': 0}
2026-08-28 00:21:25 | epoch 66/2000 | tr_RE=20.587465 val_RE=9.916470 KL=5.0780 beta=0 | 136.8s
2026-08-28 00:22:10 | hb step=3500 ep=67 RE=17.47 KL=5.191 gnorm=65881256.89046663 wnorm=269.0741517639641 mu_absmax=20.897113800048828 logvar=[-6.0,2.0] sat_hi=0.7187500596046448 sine_angle=402.1238596594935 top_grad={'param': 'encoder.Emb.mlp_output.2.weight', 'grad_norm': 58349940.0, 'n_bad': 0}
2026-08-28 00:23:42 | epoch 67/2000 | tr_RE=17.240176 val_RE=11.067143 KL=5.2140 beta=0.00125 | 137.5s
2026-08-28 00:24:22 | hb step=3550 ep=68 RE=21.28 KL=5.288 gnorm=65687235.15182492 wnorm=269.0857125192156 mu_absmax=20.900671005249023 logvar=[-6.0,2.0] sat_hi=0.7187500596046448 sine_angle=402.1238596594935 top_grad={'param': 'encoder.Emb.mlp_output.2.weight', 'grad_norm': 62983484.0, 'n_bad': 0}
2026-08-28 00:26:00 | epoch 68/2000 | tr_RE=15.952430 val_RE=9.135081 KL=5.2357 beta=0.0025 | 137.4s
2026-08-28 00:26:34 | hb step=3600 ep=69 RE=11.67 KL=5.202 gnorm=54029644.68287178 wnorm=269.1039362807515 mu_absmax=20.963327407836914 logvar=[-6.0,2.0] sat_hi=0.7187500596046448 sine_angle=402.1238596594935 top_grad={'param': 'encoder.Emb.mlp_output.2.weight', 'grad_norm': 45855960.0, 'n_bad': 0}
2026-08-28 00:28:17 | epoch 69/2000 | tr_RE=14.810234 val_RE=8.924824 KL=5.2161 beta=0.00375 | 136.9s
2026-08-28 00:28:47 | hb step=3650 ep=70 RE=11.97 KL=5.157 gnorm=34434454.7359163 wnorm=269.12014950177854 mu_absmax=21.054506301879883 logvar=[-6.0,2.0] sat_hi=0.7187500596046448 sine_angle=402.1238596594935 top_grad={'param': 'encoder.Emb.mlp_output.2.weight', 'grad_norm': 27109232.0, 'n_bad': 0}
2026-08-28 00:30:34 | epoch 70/2000 | tr_RE=14.433826 val_RE=9.629579 KL=5.1920 beta=0.005 | 137.2s
2026-08-28 00:30:59 | hb step=3700 ep=71 RE=18.52 KL=5.209 gnorm=284421906.3867863 wnorm=269.13333744632973 mu_absmax=21.18406105041504 logvar=[-6.0,2.0] sat_hi=0.7187500596046448 sine_angle=402.1238596594935 top_grad={'param': 'encoder.Emb.mlp_output.2.weight', 'grad_norm': 219265808.0, 'n_bad': 0}
2026-08-28 00:32:51 | epoch 71/2000 | tr_RE=14.071933 val_RE=9.659856 KL=5.2427 beta=0 | 137.3s
2026-08-28 00:33:12 | hb step=3750 ep=72 RE=14.69 KL=5.281 gnorm=67701473.60686447 wnorm=269.1445170962321 mu_absmax=21.465511322021484 logvar=[-6.0,2.0] sat_hi=0.7187500596046448 sine_angle=402.1238596594935 top_grad={'param': 'encoder.Emb.mlp_output.2.weight', 'grad_norm': 54572636.0, 'n_bad': 0}
2026-08-28 00:35:09 | epoch 72/2000 | tr_RE=14.332838 val_RE=9.124632 KL=5.2965 beta=0.00125 | 137.6s
2026-08-28 00:35:25 | hb step=3800 ep=73 RE=13.19 KL=5.362 gnorm=41971987.30490546 wnorm=269.15611933214205 mu_absmax=21.5831298828125 logvar=[-6.0,2.0] sat_hi=0.7187500596046448 sine_angle=402.1238596594935 top_grad={'param': 'encoder.Emb.mlp_output.2.weight', 'grad_norm': 38501472.0, 'n_bad': 0}
2026-08-28 00:37:26 | epoch 73/2000 | tr_RE=13.656616 val_RE=9.764070 KL=5.3698 beta=0.0025 | 137.2s
2026-08-28 00:37:37 | hb step=3850 ep=74 RE=14.45 KL=5.539 gnorm=103628285.90379944 wnorm=269.17841316203 mu_absmax=21.789249420166016 logvar=[-6.0,2.0] sat_hi=0.7187500596046448 sine_angle=402.1238596594935 top_grad={'param': 'encoder.Emb.mlp_output.2.weight', 'grad_norm': 78353528.0, 'n_bad': 0}
2026-08-28 00:39:43 | epoch 74/2000 | tr_RE=14.886901 val_RE=9.551780 KL=5.2831 beta=0.00375 | 137.5s
2026-08-28 00:39:49 | hb step=3900 ep=75 RE=23.71 KL=4.773 gnorm=69538245.35601683 wnorm=269.1912996076037 mu_absmax=19.155668258666992 logvar=[-6.0,2.0] sat_hi=0.7187500596046448 sine_angle=402.1238596594935 top_grad={'param': 'encoder.Emb.mlp_output.2.weight', 'grad_norm': 59730380.0, 'n_bad': 0}
2026-08-28 00:41:50 | hb step=3950 ep=75 RE=20.68 KL=4.767 gnorm=211042817.51877034 wnorm=269.21574579847015 mu_absmax=19.7688045501709 logvar=[-6.0,2.0] sat_hi=0.7187500596046448 sine_angle=402.1238596594935 top_grad={'param': 'encoder.Emb.mlp_output.2.weight', 'grad_norm': 181676656.0, 'n_bad': 0}
2026-08-28 00:42:01 | epoch 75/2000 | tr_RE=16.150104 val_RE=9.353110 KL=4.7057 beta=0.005 | 137.3s
2026-08-28 00:42:01 | patience>5: max_beta -> 0.0025
2026-08-28 00:44:02 | hb step=4000 ep=76 RE=14.44 KL=5.137 gnorm=4686005044.180922 wnorm=269.239052714994 mu_absmax=20.4754638671875 logvar=[-6.0,2.0] sat_hi=0.7187500596046448 sine_angle=402.1238596594935 top_grad={'param': 'encoder.Emb.mlp_output.2.weight', 'grad_norm': 3767334400.0, 'n_bad': 0}
2026-08-28 00:44:17 | epoch 76/2000 | tr_RE=14.357605 val_RE=10.423235 KL=4.9805 beta=0 | 136.8s
2026-08-28 00:46:15 | hb step=4050 ep=77 RE=22.25 KL=5.246 gnorm=6820185469791860.0 wnorm=269.2575874133147 mu_absmax=20.957778930664062 logvar=[-6.0,2.0] sat_hi=0.7187500596046448 sine_angle=402.1238596594935 top_grad={'param': 'encoder.Emb.mlp_output.2.weight', 'grad_norm': 5687340932530176.0, 'n_bad': 0}
2026-08-28 00:46:35 | epoch 77/2000 | tr_RE=14.467546 val_RE=8.319625 KL=5.1551 beta=0.000625 | 137.9s
2026-08-28 00:48:27 | hb step=4100 ep=78 RE=15.85 KL=4.911 gnorm=1.093745005777976e+17 wnorm=269.4366674461656 mu_absmax=20.29339599609375 logvar=[-6.0,2.0] sat_hi=0.7187500596046448 sine_angle=402.1238596594935 top_grad={'param': 'encoder.Emb.mlp_output.2.weight', 'grad_norm': 8.69403343234007e+16, 'n_bad': 0}
2026-08-28 00:48:40 | ==============================================================================
NaN TRIP  step=4105  epoch=78
first non-finite stage : grads   (order: inputs -> forward -> RE -> KL -> grads -> params)
------------------------------------------------------------------------------
[grads] {"n_bad_total": 146879, "top": [{"param": "encoder.Emb.mlp_nums.0.weight", "grad_norm": Infinity, "n_bad": 57600}, {"param": "encoder.Emb.mlp_nums.0.bias", "grad_norm": Infinity, "n_bad": 240}, {"param": "encoder.Emb.mlp_nums.2.weight", "grad_norm": Infinity, "n_bad": 30720}, {"param": "encoder.Emb.mlp_nums.2.bias", "grad_norm": Infinity, "n_bad": 128}, {"param": "encoder.encoder_Transformer.conv_layer1.weight", "grad_norm": Infinity, "n_bad": 64}]}
[params] [{"param": "encoder.Emb.embeddings_list.0.weight", "n_bad": 128, "numel": 256, "min": -2.0176010131835938, "max": 2.067735195159912, "absmax": 2.067735195159912}, {"param": "encoder.Emb.embeddings_list.1.weight", "n_bad": 128, "numel": 256, "min": -2.878629207611084, "max": 4.203479290008545, "absmax": 4.203479290008545}, {"param": "encoder.Emb.embeddings_list.2.weight", "n_bad": 128, "numel": 256, "min": -2.5475447177886963, "max": 2.468134641647339, "absmax": 2.5475447177886963}, {"param": "encoder.Emb.embeddings_list.3.weight", "n_bad": 128, "numel": 256, "min": -2.5403237342834473, "max": 3.1462271213531494, "absmax": 3.1462271213531494}, {"param": "encoder.Emb.embeddings_list.4.weight", "n_bad": 128, "numel": 256, "min": -2.1217598915100098, "max": 2.817763566970825, "absmax": 2.817763566970825}, {"param": "encoder.Emb.embeddings_list.5.weight", "n_bad": 128, "numel": 256, "min": -2.288201093673706, "max": 3.4410552978515625, "absmax": 3.4410552978515625}, {"param": "encoder.Emb.embeddings_list.6.weight", "n_bad": 128, "numel": 256, "min": -2.3242716789245605, "max": 2.8723535537719727, "absmax": 2.8723535537719727}, {"param": "encoder.Emb.embeddings_list.7.weight", "n_bad": 128, "numel": 256, "min": -2.545685052871704, "max": 2.409353733062744, "absmax": 2.545685052871704}, {"param": "encoder.Emb.embeddings_list.8.weight", "n_bad": 128, "numel": 256, "min": -2.0784103870391846, "max": 3.0240228176116943, "absmax": 3.0240228176116943}, {"param": "encoder.Emb.embeddings_list.9.weight", "n_bad": 128, "numel": 256, "min": -2.8760411739349365, "max": 2.242990016937256, "absmax": 2.8760411739349365}, {"param": "encoder.Emb.embeddings_list.10.weight", "n_bad": 128, "numel": 256, "min": -2.863615036010742, "max": 2.1103906631469727, "absmax": 2.863615036010742}, {"param": "encoder.Emb.embeddings_list.11.weight", "n_bad": 128, "numel": 256, "min": -2.086573839187622, "max": 2.9184250831604004, "absmax": 2.9184250831604004}, {"param": "encoder.Emb.embeddings_list.12.weight", "n_bad": 128, "numel": 256, "min": -2.0122344493865967, "max": 2.546099901199341, "absmax": 2.546099901199341}, {"param": "encoder.Emb.embeddings_list.13.weight", "n_bad": 128, "numel": 256, "min": -2.660198211669922, "max": 2.658442974090576, "absmax": 2.660198211669922}, {"param": "encoder.Emb.embeddings_list.14.weight", "n_bad": 128, "numel": 256, "min": -3.426882266998291, "max": 2.770780086517334, "absmax": 3.426882266998291}, {"param": "encoder.Emb.embeddings_list.15.weight", "n_bad": 128, "numel": 256, "min": -3.072002410888672, "max": 2.2426164150238037, "absmax": 3.072002410888672}, {"param": "encoder.Emb.embeddings_list.16.weight", "n_bad": 128, "numel": 256, "min": -2.653198719024658, "max": 2.649855852127075, "absmax": 2.653198719024658}, {"param": "encoder.Emb.embeddings_list.17.weight", "n_bad": 128, "numel": 256, "min": -2.93955135345459, "max": 2.528681993484497, "absmax": 2.93955135345459}, {"param": "encoder.Emb.embeddings_list.18.weight", "n_bad": 128, "numel": 256, "min": -2.1793134212493896, "max": 3.5281903743743896, "absmax": 3.5281903743743896}, {"param": "encoder.Emb.embeddings_list.19.weight", "n_bad": 128, "numel": 256, "min": -2.7234461307525635, "max": 2.6780683994293213, "absmax": 2.7234461307525635}, {"param": "encoder.Emb.embeddings_list.20.weight", "n_bad": 128, "numel": 256, "min": -2.8418924808502197, "max": 2.5798633098602295, "absmax": 2.8418924808502197}, {"param": "encoder.Emb.embeddings_list.21.weight", "n_bad": 128, "numel": 256, "min": -2.433213710784912, "max": 2.0340967178344727, "absmax": 2.433213710784912}, {"param": "encoder.Emb.embeddings_list.22.weight", "n_bad": 128, "numel": 256, "min": -3.3064475059509277, "max": 2.684252977371216, "absmax": 3.3064475059509277}, {"param": "encoder.Emb.embeddings_list.23.weight", "n_bad": 128, "numel": 256, "min": -2.6359732151031494, "max": 3.683051347732544, "absmax": 3.683051347732544}, {"param": "encoder.Emb.embeddings_list.24.weight", "n_bad": 128, "numel": 256, "min": -2.6567068099975586, "max": 2.635409116744995, "absmax": 2.6567068099975586}, {"param": "encoder.Emb.embeddings_list.25.weight", "n_bad": 128, "numel": 256, "min": -2.413551092147827, "max": 2.4064087867736816, "absmax": 2.413551092147827}, {"param": "encoder.Emb.embeddings_list.26.weight", "n_bad": 128, "numel": 256, "min": -3.2610762119293213, "max": 2.3043859004974365, "absmax": 3.2610762119293213}, {"param": "encoder.Emb.embeddings_list.27.weight", "n_bad": 128, "numel": 256, "min": -2.6486806869506836, "max": 2.3288772106170654, "absmax": 2.6486806869506836}, {"param": "encoder.Emb.embeddings_list.28.weight", "n_bad": 128, "numel": 256, "min": -2.9606709480285645, "max": 2.520941734313965, "absmax": 2.9606709480285645}, {"param": "encoder.Emb.embeddings_list.29.weight", "n_bad": 128, "numel": 256, "min": -2.044715642929077, "max": 2.9998648166656494, "absmax": 2.9998648166656494}, {"param": "encoder.Emb.embeddings_list.30.weight", "n_bad": 128, "numel": 256, "min": -2.465817451477051, "max": 2.6970012187957764, "absmax": 2.6970012187957764}, {"param": "encoder.Emb.embeddings_list.31.weight", "n_bad": 128, "numel": 256, "min": -2.519676923751831, "max": 1.995562195777893, "absmax": 2.519676923751831}, {"param": "encoder.Emb.embeddings_list.32.weight", "n_bad": 128, "numel": 256, "min": -2.2725932598114014, "max": 2.638791084289551, "absmax": 2.638791084289551}, {"param": "encoder.Emb.embeddings_list.33.weight", "n_bad": 128, "numel": 256, "min": -2.9678428173065186, "max": 2.4030439853668213, "absmax": 2.9678428173065186}, {"param": "encoder.Emb.embeddings_list.34.weight", "n_bad": 128, "numel": 256, "min": -2.2355642318725586, "max": 3.4628453254699707, "absmax": 3.4628453254699707}, {"param": "encoder.Emb.embeddings_list.35.weight", "n_bad": 128, "numel": 256, "min": -2.0795929431915283, "max": 2.940880060195923, "absmax": 2.940880060195923}, {"param": "encoder.Emb.embeddings_list.36.weight", "n_bad": 128, "numel": 256, "min": -3.4089460372924805, "max": 2.6732757091522217, "absmax": 3.4089460372924805}, {"param": "encoder.Emb.embeddings_list.37.weight", "n_bad": 128, "numel": 256, "min": -2.2632246017456055, "max": 3.1691057682037354, "absmax": 3.1691057682037354}, {"param": "encoder.Emb.embeddings_list.38.weight", "n_bad": 128, "numel": 256, "min": -2.6399736404418945, "max": 2.7881622314453125, "absmax": 2.7881622314453125}, {"param": "encoder.Emb.embeddings_list.39.weight", "n_bad": 128, "numel": 256, "min": -2.4268906116485596, "max": 2.6078453063964844, "absmax": 2.6078453063964844}, {"param": "encoder.Emb.embeddings_list.40.weight", "n_bad": 128, "numel": 256, "min": -2.4556996822357178, "max": 2.699972629547119, "absmax": 2.699972629547119}, {"param": "encoder.Emb.embeddings_list.41.weight", "n_bad": 128, "numel": 256, "min": -2.7486321926116943, "max": 1.844442367553711, "absmax": 2.7486321926116943}, {"param": "encoder.Emb.embeddings_list.42.weight", "n_bad": 128, "numel": 256, "min": -2.237318992614746, "max": 2.847897529602051, "absmax": 2.847897529602051}, {"param": "encoder.Emb.embeddings_list.43.weight", "n_bad": 128, "numel": 256, "min": -2.1349446773529053, "max": 2.0136654376983643, "absmax": 2.1349446773529053}, {"param": "encoder.Emb.embeddings_list.44.weight", "n_bad": 128, "numel": 256, "min": -2.596174478530884, "max": 1.8542046546936035, "absmax": 2.596174478530884}, {"param": "encoder.Emb.embeddings_list.45.weight", "n_bad": 128, "numel": 256, "min": -2.811864137649536, "max": 3.0166049003601074, "absmax": 3.0166049003601074}, {"param": "encoder.Emb.embeddings_list.46.weight", "n_bad": 128, "numel": 256, "min": -2.2615609169006348, "max": 2.2358412742614746, "absmax": 2.2615609169006348}, {"param": "encoder.Emb.embeddings_list.47.weight", "n_bad": 128, "numel": 256, "min": -2.563739776611328, "max": 2.894385576248169, "absmax": 2.894385576248169}, {"param": "encoder.Emb.embeddings_list.48.weight", "n_bad": 128, "numel": 256, "min": -2.7358360290527344, "max": 2.3357882499694824, "absmax": 2.7358360290527344}, {"param": "encoder.Emb.embeddings_list.49.weight", "n_bad": 128, "numel": 256, "min": -2.711585760116577, "max": 2.4067893028259277, "absmax": 2.711585760116577}, {"param": "encoder.Emb.embeddings_list.50.weight", "n_bad": 128, "numel": 256, "min": -2.938741683959961, "max": 2.4603796005249023, "absmax": 2.938741683959961}, {"param": "encoder.Emb.embeddings_list.51.weight", "n_bad": 128, "numel": 256, "min": -2.9048564434051514, "max": 2.506922483444214, "absmax": 2.9048564434051514}, {"param": "encoder.Emb.embeddings_list.52.weight", "n_bad": 128, "numel": 256, "min": -2.7712693214416504, "max": 2.94480299949646, "absmax": 2.94480299949646}, {"param": "encoder.Emb.embeddings_list.53.weight", "n_bad": 128, "numel": 256, "min": -2.017864465713501, "max": 2.493921995162964, "absmax": 2.493921995162964}, {"param": "encoder.Emb.embeddings_list.54.weight", "n_bad": 128, "numel": 256, "min": -3.945983409881592, "max": 2.2525503635406494, "absmax": 3.945983409881592}, {"param": "encoder.Emb.embeddings_list.55.weight", "n_bad": 128, "numel": 256, "min": -2.5321602821350098, "max": 3.0093235969543457, "absmax": 3.0093235969543457}, {"param": "encoder.Emb.embeddings_list.56.weight", "n_bad": 128, "numel": 256, "min": -2.012155055999756, "max": 2.8041210174560547, "absmax": 2.8041210174560547}, {"param": "encoder.Emb.embeddings_list.57.weight", "n_bad": 128, "numel": 256, "min": -2.742588996887207, "max": 1.9507050514221191, "absmax": 2.742588996887207}, {"param": "encoder.Emb.embeddings_list.58.weight", "n_bad": 128, "numel": 256, "min": -2.334104537963867, "max": 2.9168832302093506, "absmax": 2.9168832302093506}, {"param": "encoder.Emb.embeddings_list.59.weight", "n_bad": 128, "numel": 256, "min": -2.4438159465789795, "max": 2.2089927196502686, "absmax": 2.4438159465789795}, {"param": "encoder.Emb.embeddings_list.60.weight", "n_bad": 128, "numel": 256, "min": -2.8837838172912598, "max": 2.2051432132720947, "absmax": 2.8837838172912598}, {"param": "encoder.Emb.embeddings_list.61.weight", "n_bad": 128, "numel": 256, "min": -2.669534683227539, "max": 2.30523943901062, "absmax": 2.669534683227539}, {"param": "encoder.Emb.embeddings_list.62.weight", "n_bad": 128, "numel": 256, "min": -2.2683188915252686, "max": 2.211425304412842, "absmax": 2.2683188915252686}, {"param": "encoder.Emb.embeddings_list.63.weight", "n_bad": 128, "numel": 256, "min": -2.339601993560791, "max": 2.9776453971862793, "absmax": 2.9776453971862793}, {"param": "encoder.Emb.embeddings_list.64.weight", "n_bad": 128, "numel": 256, "min": -2.397538661956787, "max": 2.9459633827209473, "absmax": 2.9459633827209473}, {"param": "encoder.Emb.embeddings_list.65.weight", "n_bad": 128, "numel": 256, "min": -2.1387038230895996, "max": 2.9878416061401367, "absmax": 2.9878416061401367}, {"param": "encoder.Emb.embeddings_list.66.weight", "n_bad": 128, "numel": 256, "min": -2.3845608234405518, "max": 2.6437926292419434, "absmax": 2.6437926292419434}, {"param": "encoder.Emb.embeddings_list.67.weight", "n_bad": 128, "numel": 256, "min": -2.464738368988037, "max": 3.112367630004883, "absmax": 3.112367630004883}, {"param": "encoder.Emb.embeddings_list.68.weight", "n_bad": 128, "numel": 256, "min": -3.0224437713623047, "max": 2.255150318145752, "absmax": 3.0224437713623047}, {"param": "encoder.Emb.embeddings_list.69.weight", "n_bad": 128, "numel": 256, "min": -2.6035029888153076, "max": 3.095139980316162, "absmax": 3.095139980316162}, {"param": "encoder.Emb.embeddings_list.70.weight", "n_bad": 128, "numel": 256, "min": -2.3959226608276367, "max": 2.1200571060180664, "absmax": 2.3959226608276367}, {"param": "encoder.Emb.embeddings_list.71.weight", "n_bad": 128, "numel": 256, "min": -2.388652801513672, "max": 2.7159290313720703, "absmax": 2.7159290313720703}, {"param": "encoder.Emb.embeddings_list.72.weight", "n_bad": 128, "numel": 256, "min": -3.9504780769348145, "max": 1.9046947956085205, "absmax": 3.9504780769348145}, {"param": "encoder.Emb.embeddings_list.73.weight", "n_bad": 128, "numel": 256, "min": -3.2719168663024902, "max": 2.609302043914795, "absmax": 3.2719168663024902}, {"param": "encoder.Emb.embeddings_list.74.weight", "n_bad": 128, "numel": 256, "min": -2.3793745040893555, "max": 2.263467311859131, "absmax": 2.3793745040893555}, {"param": "encoder.Emb.embeddings_list.75.weight", "n_bad": 128, "numel": 256, "min": -2.5843448638916016, "max": 3.456312417984009, "absmax": 3.456312417984009}, {"param": "encoder.Emb.embeddings_list.76.weight", "n_bad": 128, "numel": 256, "min": -2.05182147026062, "max": 1.7296690940856934, "absmax": 2.05182147026062}, {"param": "encoder.Emb.embeddings_list.77.weight", "n_bad": 128, "numel": 256, "min": -2.7202508449554443, "max": 2.4779140949249268, "absmax": 2.7202508449554443}, {"param": "encoder.Emb.embeddings_list.78.weight", "n_bad": 128, "numel": 256, "min": -1.9241797924041748, "max": 2.574828624725342, "absmax": 2.574828624725342}, {"param": "encoder.Emb.embeddings_list.79.weight", "n_bad": 128, "numel": 256, "min": -2.3122928142547607, "max": 2.316589593887329, "absmax": 2.316589593887329}, {"param": "encoder.Emb.embeddings_list.80.weight", "n_bad": 128, "numel": 256, "min": -2.0680909156799316, "max": 2.68951416015625, "absmax": 2.68951416015625}, {"param": "encoder.Emb.embeddings_list.81.weight", "n_bad": 128, "numel": 256, "min": -3.131397008895874, "max": 1.9889402389526367, "absmax": 3.131397008895874}, {"param": "encoder.Emb.embeddings_list.82.weight", "n_bad": 128, "numel": 256, "min": -1.9593231678009033, "max": 2.25677490234375, "absmax": 2.25677490234375}, {"param": "encoder.Emb.embeddings_list.83.weight", "n_bad": 128, "numel": 256, "min": -2.8498079776763916, "max": 2.382962942123413, "absmax": 2.8498079776763916}, {"param": "encoder.Emb.embeddings_list.84.weight", "n_bad": 128, "numel": 256, "min": -1.8300813436508179, "max": 2.4820950031280518, "absmax": 2.4820950031280518}, {"param": "encoder.Emb.embeddings_list.85.weight", "n_bad": 128, "numel": 256, "min": -2.235194683074951, "max": 2.6710283756256104, "absmax": 2.6710283756256104}, {"param": "encoder.Emb.embeddings_list.86.weight", "n_bad": 128, "numel": 256, "min": -2.5377235412597656, "max": 2.5186970233917236, "absmax": 2.5377235412597656}, {"param": "encoder.Emb.embeddings_list.87.weight", "n_bad": 128, "numel": 256, "min": -2.9289934635162354, "max": 2.8149330615997314, "absmax": 2.9289934635162354}, {"param": "encoder.Emb.embeddings_list.88.weight", "n_bad": 128, "numel": 256, "min": -2.7213661670684814, "max": 2.3870019912719727, "absmax": 2.7213661670684814}, {"param": "encoder.Emb.embeddings_list.89.weight", "n_bad": 128, "numel": 256, "min": -2.376904010772705, "max": 2.1889116764068604, "absmax": 2.376904010772705}, {"param": "encoder.Emb.embeddings_list.90.weight", "n_bad": 128, "numel": 256, "min": -1.901764154434204, "max": 3.26540207862854, "absmax": 3.26540207862854}, {"param": "encoder.Emb.embeddings_list.91.weight", "n_bad": 128, "numel": 256, "min": -2.362659454345703, "max": 2.6708786487579346, "absmax": 2.6708786487579346}, {"param": "encoder.Emb.embeddings_list.92.weight", "n_bad": 128, "numel": 256, "min": -2.8793375492095947, "max": 2.48687481880188, "absmax": 2.8793375492095947}, {"param": "encoder.Emb.embeddings_list.93.weight", "n_bad": 128, "numel": 256, "min": -2.618870258331299, "max": 2.467923879623413, "absmax": 2.618870258331299}, {"param": "encoder.Emb.embeddings_list.94.weight", "n_bad": 128, "numel": 256, "min": -2.0721611976623535, "max": 2.2432260513305664, "absmax": 2.2432260513305664}, {"param": "encoder.Emb.embeddings_list.95.weight", "n_bad": 128, "numel": 256, "min": -2.665482997894287, "max": 2.2574100494384766, "absmax": 2.665482997894287}, {"param": "encoder.Emb.embeddings_list.96.weight", "n_bad": 128, "numel": 256, "min": -2.2849531173706055, "max": 2.6536576747894287, "absmax": 2.6536576747894287}, {"param": "encoder.Emb.embeddings_list.97.weight", "n_bad": 128, "numel": 256, "min": -2.354809522628784, "max": 2.271873712539673, "absmax": 2.354809522628784}, {"param": "encoder.Emb.embeddings_list.98.weight", "n_bad": 128, "numel": 256, "min": -2.4418530464172363, "max": 2.4134459495544434, "absmax": 2.4418530464172363}, {"param": "encoder.Emb.embeddings_list.99.weight", "n_bad": 128, "numel": 256, "min": -2.505035877227783, "max": 3.0553786754608154, "absmax": 3.0553786754608154}, {"param": "encoder.Emb.embeddings_list.100.weight", "n_bad": 128, "numel": 256, "min": -2.683394432067871, "max": 2.5078847408294678, "absmax": 2.683394432067871}, {"param": "encoder.Emb.embeddings_list.101.weight", "n_bad": 128, "numel": 256, "min": -2.5742058753967285, "max": 2.3585009574890137, "absmax": 2.5742058753967285}, {"param": "encoder.Emb.embeddings_list.102.weight", "n_bad": 128, "numel": 256, "min": -2.706634044647217, "max": 2.7598555088043213, "absmax": 2.7598555088043213}, {"param": "encoder.Emb.embeddings_list.103.weight", "n_bad": 128, "numel": 256, "min": -2.4599242210388184, "max": 2.199928045272827, "absmax": 2.4599242210388184}, {"param": "encoder.Emb.embeddings_list.104.weight", "n_bad": 128, "numel": 256, "min": -2.2647764682769775, "max": 2.895881414413452, "absmax": 2.895881414413452}, {"param": "encoder.Emb.embeddings_list.105.weight", "n_bad": 128, "numel": 256, "min": -2.4463531970977783, "max": 2.169365167617798, "absmax": 2.4463531970977783}, {"param": "encoder.Emb.embeddings_list.106.weight", "n_bad": 128, "numel": 256, "min": -2.865912914276123, "max": 2.16239857673645, "absmax": 2.865912914276123}, {"param": "encoder.Emb.embeddings_list.107.weight", "n_bad": 128, "numel": 256, "min": -2.7019972801208496, "max": 2.8337972164154053, "absmax": 2.8337972164154053}, {"param": "encoder.Emb.embeddings_list.108.weight", "n_bad": 128, "numel": 256, "min": -3.194758415222168, "max": 2.31352162361145, "absmax": 3.194758415222168}, {"param": "encoder.Emb.embeddings_list.109.weight", "n_bad": 128, "numel": 256, "min": -2.197272539138794, "max": 2.1911420822143555, "absmax": 2.197272539138794}, {"param": "encoder.Emb.embeddings_list.110.weight", "n_bad": 128, "numel": 256, "min": -2.4270174503326416, "max": 2.7677173614501953, "absmax": 2.7677173614501953}, {"param": "encoder.Emb.embeddings_list.111.weight", "n_bad": 128, "numel": 256, "min": -1.8745510578155518, "max": 3.234551429748535, "absmax": 3.234551429748535}, {"param": "encoder.Emb.embeddings_list.112.weight", "n_bad": 128, "numel": 256, "min": -2.350799083709717, "max": 2.2958261966705322, "absmax": 2.350799083709717}, {"param": "encoder.Emb.embeddings_list.113.weight", "n_bad": 128, "numel": 256, "min": -1.9266958236694336, "max": 2.926053285598755, "absmax": 2.926053285598755}, {"param": "encoder.Emb.embeddings_list.114.weight", "n_bad": 128, "numel": 256, "min": -3.8467679023742676, "max": 2.9189822673797607, "absmax": 3.8467679023742676}, {"param": "encoder.Emb.embeddings_list.115.weight", "n_bad": 128, "numel": 256, "min": -1.8736274242401123, "max": 2.606745481491089, "absmax": 2.606745481491089}, {"param": "encoder.Emb.embeddings_list.116.weight", "n_bad": 128, "numel": 256, "min": -2.3366329669952393, "max": 2.498004674911499, "absmax": 2.498004674911499}, {"param": "encoder.Emb.embeddings_list.117.weight", "n_bad": 128, "numel": 256, "min": -2.771156072616577, "max": 1.7559916973114014, "absmax": 2.771156072616577}, {"param": "encoder.Emb.embeddings_list.118.weight", "n_bad": 128, "numel": 256, "min": -2.805844306945801, "max": 2.1451334953308105, "absmax": 2.805844306945801}, {"param": "encoder.Emb.embeddings_list.119.weight", "n_bad": 128, "numel": 256, "min": -1.8078240156173706, "max": 2.2101054191589355, "absmax": 2.2101054191589355}, {"param": "encoder.Emb.embeddings_list.120.weight", "n_bad": 128, "numel": 256, "min": -2.236705780029297, "max": 2.1803455352783203, "absmax": 2.236705780029297}, {"param": "encoder.Emb.embeddings_list.121.weight", "n_bad": 128, "numel": 256, "min": -2.2582945823669434, "max": 2.7444040775299072, "absmax": 2.7444040775299072}, {"param": "encoder.Emb.embeddings_list.122.weight", "n_bad": 128, "numel": 256, "min": -2.8708412647247314, "max": 3.2715933322906494, "absmax": 3.2715933322906494}, {"param": "encoder.Emb.embeddings_list.123.weight", "n_bad": 128, "numel": 256, "min": -2.5775279998779297, "max": 2.4450461864471436, "absmax": 2.5775279998779297}, {"param": "encoder.Emb.embeddings_list.124.weight", "n_bad": 128, "numel": 256, "min": -1.9038939476013184, "max": 2.4464025497436523, "absmax": 2.4464025497436523}, {"param": "encoder.Emb.embeddings_list.125.weight", "n_bad": 128, "numel": 256, "min": -2.205056667327881, "max": 2.425811767578125, "absmax": 2.425811767578125}, {"param": "encoder.Emb.embeddings_list.126.weight", "n_bad": 128, "numel": 256, "min": -3.2239797115325928, "max": 3.782170534133911, "absmax": 3.782170534133911}, {"param": "encoder.Emb.embeddings_list.127.weight", "n_bad": 128, "numel": 256, "min": -3.2304296493530273, "max": 2.6391594409942627, "absmax": 3.2304296493530273}, {"param": "encoder.Emb.embeddings_list.128.weight", "n_bad": 128, "numel": 256, "min": -2.556882619857788, "max": 2.3024072647094727, "absmax": 2.556882619857788}, {"param": "encoder.Emb.embeddings_list.129.weight", "n_bad": 128, "numel": 256, "min": -2.334529399871826, "max": 2.544743061065674, "absmax": 2.544743061065674}, {"param": "encoder.Emb.embeddings_list.130.weight", "n_bad": 128, "numel": 256, "min": -2.4171667098999023, "max": 2.204684019088745, "absmax": 2.4171667098999023}, {"param": "encoder.Emb.embeddings_list.131.weight", "n_bad": 128, "numel": 256, "min": -1.8742409944534302, "max": 2.7314507961273193, "absmax": 2.7314507961273193}, {"param": "encoder.Emb.embeddings_list.132.weight", "n_bad": 128, "numel": 256, "min": -2.513922929763794, "max": 2.0543878078460693, "absmax": 2.513922929763794}, {"param": "encoder.Emb.embeddings_list.133.weight", "n_bad": 128, "numel": 256, "min": -2.009916067123413, "max": 2.4031567573547363, "absmax": 2.4031567573547363}, {"param": "encoder.Emb.embeddings_list.134.weight", "n_bad": 128, "numel": 256, "min": -2.902946710586548, "max": 2.515669822692871, "absmax": 2.902946710586548}, {"param": "encoder.Emb.embeddings_list.135.weight", "n_bad": 128, "numel": 256, "min": -2.4955334663391113, "max": 1.6770035028457642, "absmax": 2.4955334663391113}, {"param": "encoder.Emb.embeddings_list.136.weight", "n_bad": 128, "numel": 256, "min": -2.60430645942688, "max": 2.9989678859710693, "absmax": 2.9989678859710693}, {"param": "encoder.Emb.embeddings_list.137.weight", "n_bad": 128, "numel": 256, "min": -2.4615182876586914, "max": 1.878326177597046, "absmax": 2.4615182876586914}, {"param": "encoder.Emb.embeddings_list.138.weight", "n_bad": 128, "numel": 256, "min": -2.2099344730377197, "max": 3.0641472339630127, "absmax": 3.0641472339630127}, {"param": "encoder.Emb.embeddings_list.139.weight", "n_bad": 128, "numel": 256, "min": -2.0601398944854736, "max": 2.1661319732666016, "absmax": 2.1661319732666016}, {"param": "encoder.Emb.embeddings_list.140.weight", "n_bad": 128, "numel": 256, "min": -2.6065869331359863, "max": 2.765486240386963, "absmax": 2.765486240386963}, {"param": "encoder.Emb.embeddings_list.141.weight", "n_bad": 128, "numel": 256, "min": -2.205883502960205, "max": 3.393556594848633, "absmax": 3.393556594848633}, {"param": "encoder.Emb.embeddings_list.142.weight", "n_bad": 128, "numel": 256, "min": -2.7689096927642822, "max": 2.4980475902557373, "absmax": 2.7689096927642822}, {"param": "encoder.Emb.embeddings_list.143.weight", "n_bad": 128, "numel": 256, "min": -2.3558475971221924, "max": 2.4515011310577393, "absmax": 2.4515011310577393}, {"param": "encoder.Emb.embeddings_list.144.weight", "n_bad": 128, "numel": 256, "min": -2.1682536602020264, "max": 2.7547671794891357, "absmax": 2.7547671794891357}, {"param": "encoder.Emb.embeddings_list.145.weight", "n_bad": 128, "numel": 256, "min": -2.721163749694824, "max": 2.4363784790039062, "absmax": 2.721163749694824}, {"param": "encoder.Emb.embeddings_list.146.weight", "n_bad": 128, "numel": 256, "min": -2.7195708751678467, "max": 2.2078542709350586, "absmax": 2.7195708751678467}, {"param": "encoder.Emb.embeddings_list.147.weight", "n_bad": 128, "numel": 256, "min": -2.40897274017334, "max": 2.4467828273773193, "absmax": 2.4467828273773193}, {"param": "encoder.Emb.embeddings_list.148.weight", "n_bad": 128, "numel": 256, "min": -1.7159674167633057, "max": 3.2251360416412354, "absmax": 3.2251360416412354}, {"param": "encoder.Emb.embeddings_list.149.weight", "n_bad": 128, "numel": 256, "min": -2.6286826133728027, "max": 2.1253013610839844, "absmax": 2.6286826133728027}, {"param": "encoder.Emb.embeddings_list.150.weight", "n_bad": 128, "numel": 256, "min": -2.787999153137207, "max": 3.210134983062744, "absmax": 3.210134983062744}, {"param": "encoder.Emb.embeddings_list.151.weight", "n_bad": 128, "numel": 256, "min": -2.3641719818115234, "max": 2.674935817718506, "absmax": 2.674935817718506}, {"param": "encoder.Emb.embeddings_list.152.weight", "n_bad": 128, "numel": 256, "min": -2.2261199951171875, "max": 2.2111916542053223, "absmax": 2.2261199951171875}, {"param": "encoder.Emb.embeddings_list.153.weight", "n_bad": 128, "numel": 256, "min": -2.255521059036255, "max": 2.6587743759155273, "absmax": 2.6587743759155273}, {"param": "encoder.Emb.embeddings_list.154.weight", "n_bad": 128, "numel": 256, "min": -2.7535557746887207, "max": 2.319802761077881, "absmax": 2.7535557746887207}, {"param": "encoder.Emb.embeddings_list.155.weight", "n_bad": 128, "numel": 256, "min": -2.922630548477173, "max": 3.5812230110168457, "absmax": 3.5812230110168457}, {"param": "encoder.Emb.embeddings_list.156.weight", "n_bad": 128, "numel": 256, "min": -3.246685028076172, "max": 2.39412260055542, "absmax": 3.246685028076172}, {"param": "encoder.Emb.embeddings_list.157.weight", "n_bad": 128, "numel": 256, "min": -2.864931583404541, "max": 2.714587926864624, "absmax": 2.864931583404541}, {"param": "encoder.Emb.embeddings_list.158.weight", "n_bad": 128, "numel": 256, "min": -2.0419256687164307, "max": 2.692888021469116, "absmax": 2.692888021469116}, {"param": "encoder.Emb.embeddings_list.159.weight", "n_bad": 128, "numel": 256, "min": -2.2281737327575684, "max": 1.9841803312301636, "absmax": 2.2281737327575684}, {"param": "encoder.Emb.embeddings_list.160.weight", "n_bad": 128, "numel": 256, "min": -1.688150405883789, "max": 2.4308784008026123, "absmax": 2.4308784008026123}, {"param": "encoder.Emb.embeddings_list.161.weight", "n_bad": 128, "numel": 256, "min": -3.155473470687866, "max": 2.62579083442688, "absmax": 3.155473470687866}, {"param": "encoder.Emb.embeddings_list.162.weight", "n_bad": 128, "numel": 256, "min": -2.625918388366699, "max": 2.927473545074463, "absmax": 2.927473545074463}, {"param": "encoder.Emb.embeddings_list.163.weight", "n_bad": 128, "numel": 256, "min": -2.9860849380493164, "max": 3.0064697265625, "absmax": 3.0064697265625}, {"param": "encoder.Emb.embeddings_list.164.weight", "n_bad": 128, "numel": 256, "min": -2.433570146560669, "max": 2.5799577236175537, "absmax": 2.5799577236175537}, {"param": "encoder.Emb.embeddings_list.165.weight", "n_bad": 128, "numel": 256, "min": -2.5839831829071045, "max": 3.3639371395111084, "absmax": 3.3639371395111084}, {"param": "encoder.Emb.embeddings_list.166.weight", "n_bad": 128, "numel": 256, "min": -3.125243663787842, "max": 2.7276060581207275, "absmax": 3.125243663787842}, {"param": "encoder.Emb.embeddings_list.167.weight", "n_bad": 128, "numel": 256, "min": -1.9866198301315308, "max": 2.942403793334961, "absmax": 2.942403793334961}, {"param": "encoder.Emb.embeddings_list.168.weight", "n_bad": 128, "numel": 256, "min": -2.3308846950531006, "max": 2.294964075088501, "absmax": 2.3308846950531006}, {"param": "encoder.Emb.embeddings_list.169.weight", "n_bad": 128, "numel": 256, "min": -2.87825345993042, "max": 1.8836662769317627, "absmax": 2.87825345993042}, {"param": "encoder.Emb.embeddings_list.170.weight", "n_bad": 128, "numel": 256, "min": -2.0974011421203613, "max": 2.0505032539367676, "absmax": 2.0974011421203613}, {"param": "encoder.Emb.embeddings_list.171.weight", "n_bad": 128, "numel": 256, "min": -2.2717175483703613, "max": 2.5229904651641846, "absmax": 2.5229904651641846}, {"param": "encoder.Emb.embeddings_list.172.weight", "n_bad": 128, "numel": 256, "min": -2.5758159160614014, "max": 2.4153828620910645, "absmax": 2.5758159160614014}, {"param": "encoder.Emb.embeddings_list.173.weight", "n_bad": 128, "numel": 256, "min": -2.481017589569092, "max": 2.5953640937805176, "absmax": 2.5953640937805176}, {"param": "encoder.Emb.embeddings_list.174.weight", "n_bad": 128, "numel": 256, "min": -2.2882561683654785, "max": 3.0212438106536865, "absmax": 3.0212438106536865}, {"param": "encoder.Emb.embeddings_list.175.weight", "n_bad": 128, "numel": 256, "min": -2.3018085956573486, "max": 2.354855537414551, "absmax": 2.354855537414551}, {"param": "encoder.Emb.embeddings_list.176.weight", "n_bad": 128, "numel": 256, "min": -1.6764575242996216, "max": 0.7919231057167053, "absmax": 1.6764575242996216}, {"param": "encoder.Emb.embeddings_list.177.weight", "n_bad": 128, "numel": 256, "min": -2.4148576259613037, "max": 2.7606887817382812, "absmax": 2.7606887817382812}, {"param": "encoder.Emb.embeddings_list.178.weight", "n_bad": 128, "numel": 256, "min": -2.1757009029388428, "max": 2.3009326457977295, "absmax": 2.3009326457977295}, {"param": "encoder.Emb.embeddings_list.179.weight", "n_bad": 128, "numel": 256, "min": -2.4545669555664062, "max": 2.9980640411376953, "absmax": 2.9980640411376953}, {"param": "encoder.Emb.embeddings_list.180.weight", "n_bad": 128, "numel": 256, "min": -3.3478951454162598, "max": 2.219513177871704, "absmax": 3.3478951454162598}, {"param": "encoder.Emb.embeddings_list.181.weight", "n_bad": 128, "numel": 256, "min": -2.4934091567993164, "max": 2.2167718410491943, "absmax": 2.4934091567993164}, {"param": "encoder.Emb.embeddings_list.182.weight", "n_bad": 128, "numel": 256, "min": -2.9126675128936768, "max": 2.39157772064209, "absmax": 2.9126675128936768}, {"param": "encoder.Emb.embeddings_list.183.weight", "n_bad": 128, "numel": 256, "min": -2.3053650856018066, "max": 2.037977457046509, "absmax": 2.3053650856018066}, {"param": "encoder.Emb.embeddings_list.184.weight", "n_bad": 128, "numel": 256, "min": -2.886640787124634, "max": 3.395387649536133, "absmax": 3.395387649536133}, {"param": "encoder.Emb.embeddings_list.185.weight", "n_bad": 128, "numel": 256, "min": -2.643988609313965, "max": 2.529062271118164, "absmax": 2.643988609313965}, {"param": "encoder.Emb.embeddings_list.186.weight", "n_bad": 128, "numel": 256, "min": -2.256113290786743, "max": 3.123438835144043, "absmax": 3.123438835144043}, {"param": "encoder.Emb.embeddings_list.187.weight", "n_bad": 128, "numel": 256, "min": -2.884549856185913, "max": 2.4683945178985596, "absmax": 2.884549856185913}, {"param": "encoder.Emb.embeddings_list.188.weight", "n_bad": 128, "numel": 256, "min": -1.8974840641021729, "max": 2.1108012199401855, "absmax": 2.1108012199401855}, {"param": "encoder.Emb.embeddings_list.189.weight", "n_bad": 128, "numel": 256, "min": -2.5874650478363037, "max": 3.3709828853607178, "absmax": 3.3709828853607178}, {"param": "encoder.Emb.embeddings_list.190.weight", "n_bad": 128, "numel": 256, "min": -3.073500871658325, "max": 2.1426656246185303, "absmax": 3.073500871658325}, {"param": "encoder.Emb.embeddings_list.191.weight", "n_bad": 128, "numel": 256, "min": -2.155348539352417, "max": 2.41337513923645, "absmax": 2.41337513923645}, {"param": "encoder.Emb.embeddings_list.192.weight", "n_bad": 128, "numel": 256, "min": -2.5725646018981934, "max": 2.854128122329712, "absmax": 2.854128122329712}, {"param": "encoder.Emb.embeddings_list.193.weight", "n_bad": 128, "numel": 256, "min": -2.1822447776794434, "max": 1.699051022529602, "absmax": 2.1822447776794434}, {"param": "encoder.Emb.embeddings_list.194.weight", "n_bad": 128, "numel": 256, "min": -2.437298059463501, "max": 2.112603187561035, "absmax": 2.437298059463501}, {"param": "encoder.Emb.embeddings_list.195.weight", "n_bad": 128, "numel": 256, "min": -1.8888297080993652, "max": 2.009512424468994, "absmax": 2.009512424468994}, {"param": "encoder.Emb.embeddings_list.196.weight", "n_bad": 128, "numel": 256, "min": -2.2289822101593018, "max": 2.6725902557373047, "absmax": 2.6725902557373047}, {"param": "encoder.Emb.embeddings_list.197.weight", "n_bad": 128, "numel": 256, "min": -3.2555627822875977, "max": 1.818228840827942, "absmax": 3.2555627822875977}, {"param": "encoder.Emb.embeddings_list.198.weight", "n_bad": 128, "numel": 256, "min": -2.461615800857544, "max": 2.4478487968444824, "absmax": 2.461615800857544}, {"param": "encoder.Emb.embeddings_list.199.weight", "n_bad": 128, "numel": 256, "min": -2.964160442352295, "max": 2.8049027919769287, "absmax": 2.964160442352295}, {"param": "encoder.Emb.embeddings_list.200.weight", "n_bad": 128, "numel": 256, "min": -2.116215944290161, "max": 2.082383871078491, "absmax": 2.116215944290161}, {"param": "encoder.Emb.embeddings_list.201.weight", "n_bad": 128, "numel": 256, "min": -2.4033687114715576, "max": 2.7477915287017822, "absmax": 2.7477915287017822}, {"param": "encoder.Emb.embeddings_list.202.weight", "n_bad": 128, "numel": 256, "min": -2.360719680786133, "max": 2.181662082672119, "absmax": 2.360719680786133}, {"param": "encoder.Emb.embeddings_list.203.weight", "n_bad": 128, "numel": 256, "min": -2.5938880443573, "max": 2.772416591644287, "absmax": 2.772416591644287}, {"param": "encoder.Emb.embeddings_list.204.weight", "n_bad": 128, "numel": 256, "min": -2.9200596809387207, "max": 2.5370395183563232, "absmax": 2.9200596809387207}, {"param": "encoder.Emb.embeddings_list.205.weight", "n_bad": 128, "numel": 256, "min": -2.2246286869049072, "max": 3.139409303665161, "absmax": 3.139409303665161}, {"param": "encoder.Emb.embeddings_list.206.weight", "n_bad": 128, "numel": 256, "min": -2.528761148452759, "max": 2.6157233715057373, "absmax": 2.6157233715057373}, {"param": "encoder.Emb.embeddings_list.207.weight", "n_bad": 128, "numel": 256, "min": -2.1263363361358643, "max": 2.467129945755005, "absmax": 2.467129945755005}, {"param": "encoder.Emb.embeddings_list.208.weight", "n_bad": 128, "numel": 256, "min": -2.045444965362549, "max": 2.833207845687866, "absmax": 2.833207845687866}, {"param": "encoder.Emb.embeddings_list.209.weight", "n_bad": 128, "numel": 256, "min": -2.2196168899536133, "max": 1.7048395872116089, "absmax": 2.2196168899536133}, {"param": "encoder.Emb.embeddings_list.210.weight", "n_bad": 128, "numel": 256, "min": -2.132650136947632, "max": 3.6398394107818604, "absmax": 3.6398394107818604}, {"param": "encoder.Emb.embeddings_list.211.weight", "n_bad": 128, "numel": 256, "min": -2.36740779876709, "max": 2.450287342071533, "absmax": 2.450287342071533}, {"param": "encoder.Emb.embeddings_list.212.weight", "n_bad": 128, "numel": 256, "min": -2.101874828338623, "max": 4.36383581161499, "absmax": 4.36383581161499}, {"param": "encoder.Emb.embeddings_list.213.weight", "n_bad": 128, "numel": 256, "min": -2.051429271697998, "max": 2.1567866802215576, "absmax": 2.1567866802215576}, {"param": "encoder.Emb.embeddings_list.214.weight", "n_bad": 128, "numel": 256, "min": -2.609231472015381, "max": 2.1644134521484375, "absmax": 2.609231472015381}, {"param": "encoder.Emb.embeddings_list.215.weight", "n_bad": 128, "numel": 256, "min": -2.801837205886841, "max": 3.354304552078247, "absmax": 3.354304552078247}, {"param": "encoder.Emb.embeddings_list.216.weight", "n_bad": 128, "numel": 256, "min": -2.6348979473114014, "max": 2.243779420852661, "absmax": 2.6348979473114014}, {"param": "encoder.Emb.embeddings_list.217.weight", "n_bad": 128, "numel": 256, "min": -4.142971992492676, "max": 2.8508670330047607, "absmax": 4.142971992492676}, {"param": "encoder.Emb.embeddings_list.218.weight", "n_bad": 128, "numel": 256, "min": -2.1242144107818604, "max": 2.718878746032715, "absmax": 2.718878746032715}, {"param": "encoder.Emb.embeddings_list.219.weight", "n_bad": 128, "numel": 256, "min": -2.277557373046875, "max": 2.3348817825317383, "absmax": 2.3348817825317383}, {"param": "encoder.Emb.embeddings_list.220.weight", "n_bad": 128, "numel": 256, "min": -2.0715060234069824, "max": 2.896026372909546, "absmax": 2.896026372909546}, {"param": "encoder.Emb.embeddings_list.221.weight", "n_bad": 128, "numel": 256, "min": -2.1390833854675293, "max": 2.2755215167999268, "absmax": 2.2755215167999268}, {"param": "encoder.Emb.embeddings_list.222.weight", "n_bad": 128, "numel": 256, "min": -2.264171838760376, "max": 2.4880011081695557, "absmax": 2.4880011081695557}, {"param": "encoder.Emb.embeddings_list.223.weight", "n_bad": 128, "numel": 256, "min": -2.5871224403381348, "max": 2.696146011352539, "absmax": 2.696146011352539}, {"param": "encoder.Emb.embeddings_list.224.weight", "n_bad": 128, "numel": 256, "min": -2.6150567531585693, "max": 2.356105089187622, "absmax": 2.6150567531585693}, {"param": "encoder.Emb.embeddings_list.225.weight", "n_bad": 128, "numel": 256, "min": -1.9161083698272705, "max": 3.7303946018218994, "absmax": 3.7303946018218994}, {"param": "encoder.Emb.embeddings_list.226.weight", "n_bad": 128, "numel": 256, "min": -2.608337640762329, "max": 2.9477505683898926, "absmax": 2.9477505683898926}, {"param": "encoder.Emb.embeddings_list.227.weight", "n_bad": 128, "numel": 256, "min": -1.1744434833526611, "max": 1.3749524354934692, "absmax": 1.3749524354934692}, {"param": "encoder.Emb.embeddings_list.228.weight", "n_bad": 128, "numel": 256, "min": -3.2716472148895264, "max": 3.0215258598327637, "absmax": 3.2716472148895264}, {"param": "encoder.Emb.embeddings_list.229.weight", "n_bad": 128, "numel": 256, "min": -3.295069694519043, "max": 2.452996253967285, "absmax": 3.295069694519043}, {"param": "encoder.Emb.embeddings_list.230.weight", "n_bad": 128, "numel": 256, "min": -2.549933433532715, "max": 2.8767621517181396, "absmax": 2.8767621517181396}, {"param": "encoder.Emb.embeddings_list.231.weight", "n_bad": 128, "numel": 256, "min": -2.673757791519165, "max": 3.04132080078125, "absmax": 3.04132080078125}, {"param": "encoder.Emb.embeddings_list.232.weight", "n_bad": 128, "numel": 256, "min": -2.4551138877868652, "max": 2.234370708465576, "absmax": 2.4551138877868652}, {"param": "encoder.Emb.embeddings_list.233.weight", "n_bad": 128, "numel": 256, "min": -2.9498727321624756, "max": 2.8580191135406494, "absmax": 2.9498727321624756}, {"param": "encoder.Emb.embeddings_list.234.weight", "n_bad": 128, "numel": 256, "min": -0.5752009749412537, "max": 0.8474471569061279, "absmax": 0.8474471569061279}, {"param": "encoder.Emb.embeddings_list.235.weight", "n_bad": 128, "numel": 256, "min": -2.682898759841919, "max": 2.7715346813201904, "absmax": 2.7715346813201904}, {"param": "encoder.Emb.embeddings_list.236.weight", "n_bad": 128, "numel": 256, "min": -1.399634838104248, "max": 1.862989902496338, "absmax": 1.862989902496338}, {"param": "encoder.Emb.embeddings_list.237.weight", "n_bad": 128, "numel": 256, "min": -2.2150888442993164, "max": 2.5998222827911377, "absmax": 2.5998222827911377}, {"param": "encoder.Emb.embeddings_list.238.weight", "n_bad": 128, "numel": 256, "min": -2.654550790786743, "max": 2.821080207824707, "absmax": 2.821080207824707}, {"param": "encoder.Emb.embeddings_list.239.weight", "n_bad": 128, "numel": 256, "min": -2.969888210296631, "max": 2.091110944747925, "absmax": 2.969888210296631}, {"param": "encoder.Emb.embeddings_list.240.weight", "n_bad": 128, "numel": 256, "min": -2.370117425918579, "max": 3.1708481311798096, "absmax": 3.1708481311798096}, {"param": "encoder.Emb.embeddings_list.241.weight", "n_bad": 128, "numel": 256, "min": -1.2840954065322876, "max": 1.4072612524032593, "absmax": 1.4072612524032593}, {"param": "encoder.Emb.embeddings_list.242.weight", "n_bad": 128, "numel": 256, "min": -2.266580104827881, "max": 2.5466792583465576, "absmax": 2.5466792583465576}, {"param": "encoder.Emb.embeddings_list.243.weight", "n_bad": 128, "numel": 256, "min": -2.1560232639312744, "max": 2.177881956100464, "absmax": 2.177881956100464}, {"param": "encoder.Emb.embeddings_list.244.weight", "n_bad": 128, "numel": 256, "min": -2.998605728149414, "max": 2.676462411880493, "absmax": 2.998605728149414}, {"param": "encoder.Emb.embeddings_list.245.weight", "n_bad": 128, "numel": 256, "min": -2.8928496837615967, "max": 1.9543722867965698, "absmax": 2.8928496837615967}, {"param": "encoder.Emb.embeddings_list.246.weight", "n_bad": 128, "numel": 256, "min": -2.2854485511779785, "max": 2.646542549133301, "absmax": 2.646542549133301}, {"param": "encoder.Emb.embeddings_list.247.weight", "n_bad": 128, "numel": 256, "min": -2.2478020191192627, "max": 2.7333033084869385, "absmax": 2.7333033084869385}, {"param": "encoder.Emb.embeddings_list.248.weight", "n_bad": 128, "numel": 256, "min": -2.427056312561035, "max": 1.8947067260742188, "absmax": 2.427056312561035}, {"param": "encoder.Emb.embeddings_list.249.weight", "n_bad": 128, "numel": 256, "min": -2.4160306453704834, "max": 3.013028383255005, "absmax": 3.013028383255005}, {"param": "encoder.Emb.embeddings_list.250.weight", "n_bad": 128, "numel": 256, "min": -2.1490774154663086, "max": 2.5105066299438477, "absmax": 2.5105066299438477}, {"param": "encoder.Emb.embeddings_list.251.weight", "n_bad": 128, "numel": 256, "min": -2.330691337585449, "max": 2.461453914642334, "absmax": 2.461453914642334}, {"param": "encoder.Emb.embeddings_list.252.weight", "n_bad": 128, "numel": 256, "min": -0.9105191826820374, "max": 1.1288386583328247, "absmax": 1.1288386583328247}, {"param": "encoder.Emb.embeddings_list.253.weight", "n_bad": 128, "numel": 256, "min": -2.2621350288391113, "max": 2.222663640975952, "absmax": 2.2621350288391113}, {"param": "encoder.Emb.embeddings_list.254.weight", "n_bad": 128, "numel": 256, "min": -2.373971700668335, "max": 2.388742208480835, "absmax": 2.388742208480835}, {"param": "encoder.Emb.embeddings_list.255.weight", "n_bad": 128, "numel": 256, "min": -0.9352461695671082, "max": 0.9960346817970276, "absmax": 0.9960346817970276}, {"param": "encoder.Emb.embeddings_list.256.weight", "n_bad": 128, "numel": 256, "min": -0.6556910872459412, "max": 0.9375749826431274, "absmax": 0.9375749826431274}, {"param": "encoder.Emb.embeddings_list.257.weight", "n_bad": 128, "numel": 256, "min": -2.3001291751861572, "max": 2.092910051345825, "absmax": 2.3001291751861572}, {"param": "encoder.Emb.embeddings_list.258.weight", "n_bad": 128, "numel": 256, "min": -1.5432376861572266, "max": 1.5901358127593994, "absmax": 1.5901358127593994}, {"param": "encoder.Emb.embeddings_list.259.weight", "n_bad": 128, "numel": 384, "min": -2.7253754138946533, "max": 2.4140655994415283, "absmax": 2.7253754138946533}, {"param": "encoder.Emb.embeddings_list.260.weight", "n_bad": 128, "numel": 384, "min": -2.7724926471710205, "max": 2.3972115516662598, "absmax": 2.7724926471710205}, {"param": "encoder.Emb.embeddings_list.261.weight", "n_bad": 128, "numel": 384, "min": -2.126810312271118, "max": 3.5291550159454346, "absmax": 3.5291550159454346}, {"param": "encoder.Emb.embeddings_list.262.weight", "n_bad": 128, "numel": 768, "min": -3.388521909713745, "max": 2.9259495735168457, "absmax": 3.388521909713745}, {"param": "encoder.Emb.mlp_nums.0.weight", "n_bad": 57600, "numel": 57600}, {"param": "encoder.Emb.mlp_nums.0.bias", "n_bad": 240, "numel": 240}, {"param": "encoder.Emb.mlp_nums.2.weight", "n_bad": 30720, "numel": 30720}, {"param": "encoder.Emb.mlp_nums.2.bias", "n_bad": 128, "numel": 128}, {"param": "encoder.Emb.paddings_list.0.weight", "n_bad": 128, "numel": 256, "min": -2.716104030609131, "max": 2.078221559524536, "absmax": 2.716104030609131}, {"param": "encoder.Emb.paddings_list.1.weight", "n_bad": 128, "numel": 256, "min": -3.10174822807312, "max": 2.762878179550171, "absmax": 3.10174822807312}, {"param": "encoder.Emb.missings_list.0.weight", "n_bad": 128, "numel": 256, "min": -1.8483015298843384, "max": 2.754007339477539, "absmax": 2.754007339477539}, {"param": "encoder.Emb.missings_list.1.weight", "n_bad": 128, "numel": 256, "min": -2.111020803451538, "max": 3.076303243637085, "absmax": 3.076303243637085}, {"param": "encoder.Emb.missings_list.2.weight", "n_bad": 128, "numel": 256, "min": -2.381884813308716, "max": 2.2860584259033203, "absmax": 2.381884813308716}, {"param": "encoder.Emb.missings_list.3.weight", "n_bad": 128, "numel": 256, "min": -2.9463911056518555, "max": 2.1781256198883057, "absmax": 2.9463911056518555}, {"param": "encoder.Emb.missings_list.4.weight", "n_bad": 128, "numel": 256, "min": -3.0421409606933594, "max": 2.468754291534424, "absmax": 3.0421409606933594}, {"param": "encoder.Emb.missings_list.5.weight", "n_bad": 128, "numel": 256, "min": -2.5018904209136963, "max": 2.464552640914917, "absmax": 2.5018904209136963}, {"param": "encoder.Emb.missings_list.6.weight", "n_bad": 128, "numel": 256, "min": -2.4630861282348633, "max": 2.1892762184143066, "absmax": 2.4630861282348633}, {"param": "encoder.Emb.missings_list.7.weight", "n_bad": 128, "numel": 256, "min": -2.228463888168335, "max": 2.322962760925293, "absmax": 2.322962760925293}, {"param": "encoder.Emb.missings_list.8.weight", "n_bad": 128, "numel": 256, "min": -2.6462161540985107, "max": 2.627040147781372, "absmax": 2.6462161540985107}, {"param": "encoder.Emb.missings_list.9.weight", "n_bad": 128, "numel": 256, "min": -3.0922231674194336, "max": 2.884289026260376, "absmax": 3.0922231674194336}, {"param": "encoder.Emb.missings_list.10.weight", "n_bad": 128, "numel": 256, "min": -3.2061216831207275, "max": 2.3201794624328613, "absmax": 3.2061216831207275}, {"param": "encoder.Emb.missings_list.11.weight", "n_bad": 128, "numel": 256, "min": -2.505709171295166, "max": 2.6605489253997803, "absmax": 2.6605489253997803}, {"param": "encoder.Emb.missings_list.12.weight", "n_bad": 128, "numel": 256, "min": -1.9529293775558472, "max": 2.076244831085205, "absmax": 2.076244831085205}, {"param": "encoder.Emb.missings_list.13.weight", "n_bad": 128, "numel": 256, "min": -2.127020835876465, "max": 2.0221235752105713, "absmax": 2.127020835876465}, {"param": "encoder.Emb.missings_list.14.weight", "n_bad": 128, "numel": 256, "min": -2.8314735889434814, "max": 3.6082894802093506, "absmax": 3.6082894802093506}, {"param": "encoder.Emb.mlp_output.0.weight", "n_bad": 20352, "numel": 49152, "min": -0.15883813798427582, "max": 0.22129520773887634, "absmax": 0.22129520773887634}, {"param": "encoder.Emb.mlp_output.0.bias", "n_bad": 53, "numel": 128, "min": -0.06080644577741623, "max": 0.046996332705020905, "absmax": 0.06080644577741623}, {"param": "encoder.Emb.mlp_output.2.weight", "n_bad": 256, "numel": 16384, "min": -0.9546552300453186, "max": 0.9539262652397156, "absmax": 0.9546552300453186}, {"param": "encoder.Emb.mlp_output.2.bias", "n_bad": 2, "numel": 128, "min": -0.21934746205806732, "max": 0.19277948141098022, "absmax": 0.21934746205806732}, {"param": "encoder.encoder_Transformer.conv_layer1.weight", "n_bad": 64, "numel": 64}, {"param": "encoder.encoder_Transformer.conv_layer1.bias", "n_bad": 64, "numel": 64}, {"param": "encoder.encoder_Transformer.feature_layer.layers.0.self_attn.in_proj_weight", "n_bad": 1536, "numel": 12288, "min": -0.2858460247516632, "max": 0.27904921770095825, "absmax": 0.2858460247516632}, {"param": "encoder.encoder_Transformer.feature_layer.layers.0.self_attn.in_proj_bias", "n_bad": 24, "numel": 192, "min": -0.10335778445005417, "max": 0.10895346850156784, "absmax": 0.10895346850156784}]
------------------------------------------------------------------------------
RE=19.475921630859375  KL=4.758730888366699  loss=19.481870651245117  beta=0.00125
grad_global_norm  = inf
weight_global_norm= inf
latent   : {"mu_absmax": 18.511249542236328, "logvar_min": -6.0, "logvar_max": 2.0, "logvar_frac_sat_low": 0.227963387966156, "logvar_frac_sat_high": 0.7187500596046448, "emb_absmax": 25.048381805419922}
sine_cos : {"v_absmax": 1.0, "num_terms": 8, "implied_max_angle": 402.1238596594935, "out_finite": true}
top grad-norm params:
    {'param': 'encoder.Emb.mlp_nums.0.weight', 'grad_norm': inf, 'n_bad': 57600}
    {'param': 'encoder.Emb.mlp_nums.0.bias', 'grad_norm': inf, 'n_bad': 240}
    {'param': 'encoder.Emb.mlp_nums.2.weight', 'grad_norm': inf, 'n_bad': 30720}
    {'param': 'encoder.Emb.mlp_nums.2.bias', 'grad_norm': inf, 'n_bad': 128}
    {'param': 'encoder.encoder_Transformer.conv_layer1.weight', 'grad_norm': inf, 'n_bad': 64}
    {'param': 'encoder.encoder_Transformer.conv_layer1.bias', 'grad_norm': inf, 'n_bad': 64}
    {'param': 'encoder.Emb.mlp_output.2.weight', 'grad_norm': 7.28448306195202e+17, 'n_bad': 256}
    {'param': 'encoder.Emb.mlp_output.0.weight', 'grad_norm': 6722890296721408.0, 'n_bad': 20352}
    {'param': 'encoder.Emb.embeddings_list.23.weight', 'grad_norm': 3285255649755136.0, 'n_bad': 128}
    {'param': 'encoder.Emb.embeddings_list.9.weight', 'grad_norm': 3132523928354816.0, 'n_bad': 128}
adam moments (top grad params):
    encoder.Emb.mlp_nums.0.weight: {"exp_avg": {"min": -3.1553380073636626e+19, "max": 3.147852312299438e+19, "mean": -4.4601328403480576e+17, "finite": true}, "exp_avg_sq": {"min": 5.167378098087056e+27, "max": Infinity, "mean": Infinity, "finite": false}}
    encoder.Emb.mlp_nums.0.bias: {"exp_avg": {"min": -3.1588744765632414e+19, "max": 1.9887687047258833e+19, "mean": -7.343038378322952e+18, "finite": true}, "exp_avg_sq": {"min": 3.219916395017364e+33, "max": Infinity, "mean": Infinity, "finite": false}}
    encoder.Emb.mlp_nums.2.weight: {"exp_avg": {"min": -1.5844908136252047e+19, "max": 1.5814301031069647e+19, "mean": 1.7021538435858432e+16, "finite": true}, "exp_avg_sq": {"min": 1.6314603540269598e+30, "max": Infinity, "mean": Infinity, "finite": false}}
    encoder.Emb.mlp_nums.2.bias: {"exp_avg": {"min": -4.239887810762375e+18, "max": 4.234684371983925e+18, "mean": 1.4026401116061696e+16, "finite": true}, "exp_avg_sq": {"min": Infinity, "max": Infinity, "mean": Infinity, "finite": false}}
    encoder.encoder_Transformer.conv_layer1.weight: {"exp_avg": {"min": -5.02836046332659e+20, "max": 5.049663896938936e+20, "mean": -5.870555583877428e+19, "finite": true}, "exp_avg_sq": {"min": Infinity, "max": Infinity, "mean": Infinity, "finite": false}}
------------------------------------------------------------------------------
offending sample indices (h5 rows): [3415, 9859, 27748, 29605, 2015, 20118, 16268, 5454, 19647, 28007, 23194, 9297, 636, 4215, 1534, 15692, 23995, 594, 9507, 25994, 14179, 11563, 24732, 7462, 25784, 26694, 22754, 15850, 4849, 28900, 25792, 3771, 27147, 8445, 20996, 216, 665, 6539, 5408, 19377, 12823, 12845, 19839, 22988, 21669, 24203, 23184, 18523, 24, 23447, 12707, 16139, 19009, 11479, 5728, 4838, 20981, 19789, 4237, 20442, 2478, 10161, 9348, 13885]
dumps in this dir:
    nan_report.json
    metrics.jsonl
    metrics_tail.jsonl
    batch.pt
    model_at_trip.pt
    optim_at_trip.pt
    snapshot_step4104.pt  (pre-update model+optim)
    snapshot_step4105.pt  (pre-update model+optim)
copy this whole directory off the server to analyse offline.
==============================================================================
2026-08-28 00:48:40 | STOP: [NaNDiagnostics] non-finite at step 4105, stage 'grads': {'n_bad_total': 146879, 'top': [{'param': 'encoder.Emb.mlp_nums.0.weight', 'grad_norm': inf, 'n_bad': 57600}, {'param': 'encoder.Emb.mlp_nums.0.bias', 'grad_norm': inf, 'n_bad': 240}, {'param': 'encoder.Emb.mlp_nums.2.weight', 'grad_norm': inf, 'n_bad': 30720}, {'param': 'encoder.Emb.mlp_nums.2.bias', 'grad_norm': inf, 'n_bad': 128}, {'param': 'encoder.encoder_Transformer.conv_layer1.weight', 'grad_norm': inf, 'n_bad': 64}]}
