2026-08-28 09:31:09 | ==============================================================================
2026-08-28 09:31:09 | RUN start  seed=0  device=cuda  batch_size=512  lr=0.0004  wd=1e-06
2026-08-28 09:31:09 | model_config={'channels': 64, 'batch_size': 512, 'seq_len': 125, 'n_bins': 259, 'n_cats': 4, 'n_nums': 15, 'cards': [3, 3, 3, 6], 'feature_size': 278, 'hidden_size': 256, 'num_layers': 2, 'bidirectional': False, 'emb_dim': 128, 'time_dim': 8, 'lat_dim': 32, 'num_terms': 16, 'fourier_layernorm': True, 'logvar_min': -6.0, 'logvar_max': 2.0, 'mu_clip': 5.0}
2026-08-28 09:31:09 | resume: past_epoch=0  best_loss=inf
2026-08-28 09:31:09 | beta: max_beta=0.01  min_kl=0.0  warmup=5
2026-08-28 09:31:09 | fixes: grad_clip=OFF  sincos_num_terms=16
2026-08-28 09:31:09 | latent bounds: mu_clip=5.0  logvar in (-6.0,2.0) via sigmoid  fourier_layernorm=True
2026-08-28 09:31:18 | hb step=0 ep=0 RE=252.5 KL=0.5891 gnorm=6.129144206667538 wnorm=274.36577875467907 mu_absmax=0.324368953704834 logvar=[-2.7139739990234375,-1.4105210304260254] sat_hi=0.0 sine_angle=102943.70807283034 top_grad={'param': 'decoder.bins_linear.weight', 'grad_norm': 3.5920627117156982, 'n_bad': 0}
2026-08-28 09:33:19 | hb step=50 ep=0 RE=15.38 KL=4.513 gnorm=16.079021795674116 wnorm=273.1051757900394 mu_absmax=3.9001975059509277 logvar=[-2.3665547370910645,1.9455962181091309] sat_hi=0.0 sine_angle=102943.70807283034 top_grad={'param': 'decoder.bins_linear.weight', 'grad_norm': 8.6914644241333, 'n_bad': 0}
2026-08-28 09:33:30 | epoch 0/2000 | tr_RE=70.458595 val_RE=15.210696 KL=3.3248 beta=0.01 | 141.6s
2026-08-28 09:35:33 | hb step=100 ep=1 RE=14.01 KL=4.886 gnorm=2.88526309151639 wnorm=271.7947650669894 mu_absmax=3.8903212547302246 logvar=[-5.520565509796143,-1.044776439666748] sat_hi=0.0 sine_angle=102943.70807283034 top_grad={'param': 'decoder.bins_linear.weight', 'grad_norm': 1.9894695281982422, 'n_bad': 0}
2026-08-28 09:35:49 | epoch 1/2000 | tr_RE=14.491352 val_RE=14.304035 KL=4.6365 beta=0.01 | 138.9s
2026-08-28 09:37:47 | hb step=150 ep=2 RE=13.33 KL=4.581 gnorm=151.08753203289226 wnorm=270.8012741103793 mu_absmax=3.909255027770996 logvar=[-5.278437614440918,-0.5115089416503906] sat_hi=0.0 sine_angle=102943.70807283034 top_grad={'param': 'encoder.Emb.mlp_output.2.weight', 'grad_norm': 114.2422103881836, 'n_bad': 0}
2026-08-28 09:38:08 | epoch 2/2000 | tr_RE=13.752232 val_RE=12.925513 KL=4.4773 beta=0.01 | 138.9s
2026-08-28 09:40:01 | hb step=200 ep=3 RE=11.52 KL=5.259 gnorm=170319.16523135584 wnorm=271.6575406509027 mu_absmax=3.8966102600097656 logvar=[-5.595635414123535,-1.7584500312805176] sat_hi=0.0 sine_angle=102943.70807283034 top_grad={'param': 'encoder.Emb.mlp_output.2.weight', 'grad_norm': 146470.3125, 'n_bad': 0}
2026-08-28 09:40:27 | epoch 3/2000 | tr_RE=11.942514 val_RE=11.504760 KL=4.6426 beta=0.01 | 138.8s
2026-08-28 09:42:15 | hb step=250 ep=4 RE=11.39 KL=4.574 gnorm=1968069607.589341 wnorm=271.85051570854694 mu_absmax=3.897549629211426 logvar=[-5.398625373840332,1.270555019378662] sat_hi=0.0 sine_angle=102943.70807283034 top_grad={'param': 'encoder.Emb.mlp_output.2.weight', 'grad_norm': 1788993920.0, 'n_bad': 0}
2026-08-28 09:42:45 | epoch 4/2000 | tr_RE=11.333949 val_RE=11.325007 KL=4.6994 beta=0.01 | 138.4s
2026-08-28 09:44:28 | hb step=300 ep=5 RE=11.82 KL=4.904 gnorm=6169840240.886258 wnorm=271.8889891080604 mu_absmax=3.881344795227051 logvar=[-5.517353057861328,0.557276725769043] sat_hi=0.0 sine_angle=102943.70807283034 top_grad={'param': 'encoder.Emb.mlp_output.2.weight', 'grad_norm': 5533856768.0, 'n_bad': 0}
2026-08-28 09:45:04 | epoch 5/2000 | tr_RE=11.233053 val_RE=11.256779 KL=4.8630 beta=0.01 | 138.1s
2026-08-28 09:46:42 | hb step=350 ep=6 RE=11.24 KL=4.789 gnorm=911715230.673099 wnorm=271.83232539054126 mu_absmax=3.877114772796631 logvar=[-5.524841785430908,0.9596567153930664] sat_hi=0.0 sine_angle=102943.70807283034 top_grad={'param': 'encoder.Emb.mlp_output.2.weight', 'grad_norm': 895584256.0, 'n_bad': 0}
2026-08-28 09:47:22 | epoch 6/2000 | tr_RE=11.181354 val_RE=11.209185 KL=4.8500 beta=0.01 | 138.1s
2026-08-28 09:48:56 | hb step=400 ep=7 RE=11.51 KL=5.398 gnorm=2648109006.878554 wnorm=271.79746232476623 mu_absmax=3.933591842651367 logvar=[-5.665529727935791,-1.3812847137451172] sat_hi=0.0 sine_angle=102943.70807283034 top_grad={'param': 'encoder.Emb.mlp_output.2.weight', 'grad_norm': 2267206912.0, 'n_bad': 0}
2026-08-28 09:49:40 | epoch 7/2000 | tr_RE=11.143144 val_RE=11.181195 KL=5.3198 beta=0.0025 | 138.8s
2026-08-28 09:51:09 | hb step=450 ep=8 RE=11.09 KL=5.055 gnorm=1477121464.605669 wnorm=271.75997431953743 mu_absmax=3.9417476654052734 logvar=[-5.64979362487793,0.7582135200500488] sat_hi=0.0 sine_angle=102943.70807283034 top_grad={'param': 'encoder.Emb.mlp_output.2.weight', 'grad_norm': 1339450240.0, 'n_bad': 0}
2026-08-28 09:51:59 | epoch 8/2000 | tr_RE=11.108927 val_RE=11.143128 KL=5.0922 beta=0.005 | 138.8s
2026-08-28 09:53:23 | hb step=500 ep=9 RE=10.91 KL=4.887 gnorm=461501059.3115975 wnorm=271.72319210082037 mu_absmax=3.9344942569732666 logvar=[-5.630529403686523,1.1460156440734863] sat_hi=0.0 sine_angle=102943.70807283034 top_grad={'param': 'encoder.Emb.mlp_output.2.weight', 'grad_norm': 401510784.0, 'n_bad': 0}
2026-08-28 09:54:18 | epoch 9/2000 | tr_RE=11.062777 val_RE=11.102884 KL=4.9210 beta=0.0075 | 138.5s
2026-08-28 09:55:37 | hb step=550 ep=10 RE=11.05 KL=4.725 gnorm=1460334731.5044043 wnorm=271.70090548392164 mu_absmax=3.8709983825683594 logvar=[-5.646691799163818,1.3280072212219238] sat_hi=0.0 sine_angle=102943.70807283034 top_grad={'param': 'encoder.Emb.mlp_output.2.weight', 'grad_norm': 1256610432.0, 'n_bad': 0}
2026-08-28 09:56:37 | epoch 10/2000 | tr_RE=11.024415 val_RE=11.048585 KL=4.7030 beta=0.01 | 138.8s
2026-08-28 09:57:50 | hb step=600 ep=11 RE=10.96 KL=5.597 gnorm=120146374697162.97 wnorm=271.67789269364295 mu_absmax=3.8573834896087646 logvar=[-5.736764907836914,-2.8885657787323] sat_hi=0.0 sine_angle=102943.70807283034 top_grad={'param': 'encoder.Emb.mlp_output.2.weight', 'grad_norm': 103991174234112.0, 'n_bad': 0}
2026-08-28 09:58:55 | epoch 11/2000 | tr_RE=10.983219 val_RE=11.029112 KL=5.5031 beta=0 | 138.2s
2026-08-28 10:00:04 | hb step=650 ep=12 RE=11.49 KL=5.647 gnorm=3864123586.687612 wnorm=271.6421117739304 mu_absmax=3.868191719055176 logvar=[-5.7709760665893555,-3.272278070449829] sat_hi=0.0 sine_angle=102943.70807283034 top_grad={'param': 'encoder.Emb.mlp_output.2.weight', 'grad_norm': 3235960576.0, 'n_bad': 0}
2026-08-28 10:01:13 | epoch 12/2000 | tr_RE=10.958225 val_RE=10.994846 KL=5.6360 beta=0.0025 | 138.2s
2026-08-28 10:02:17 | hb step=700 ep=13 RE=10.85 KL=5.367 gnorm=3462198091.7520595 wnorm=271.6100305568426 mu_absmax=3.9073095321655273 logvar=[-5.7283549308776855,-1.4027214050292969] sat_hi=0.0 sine_angle=102943.70807283034 top_grad={'param': 'encoder.Emb.mlp_output.2.weight', 'grad_norm': 3003174400.0, 'n_bad': 0}
2026-08-28 10:03:31 | epoch 13/2000 | tr_RE=10.938063 val_RE=10.987688 KL=5.2169 beta=0.005 | 138.0s
2026-08-28 10:04:31 | hb step=750 ep=14 RE=10.58 KL=4.586 gnorm=1531820716098410.2 wnorm=271.58554718613277 mu_absmax=3.974485158920288 logvar=[-5.716716766357422,1.4088072776794434] sat_hi=0.0 sine_angle=102943.70807283034 top_grad={'param': 'encoder.Emb.mlp_output.2.weight', 'grad_norm': 1329042464702464.0, 'n_bad': 0}
2026-08-28 10:05:50 | epoch 14/2000 | tr_RE=10.927036 val_RE=10.971771 KL=4.5894 beta=0.0075 | 138.6s
2026-08-28 10:06:45 | hb step=800 ep=15 RE=11.16 KL=4.51 gnorm=41106120758.98466 wnorm=271.64777188831914 mu_absmax=4.034400463104248 logvar=[-5.7257866859436035,1.4375104904174805] sat_hi=0.0 sine_angle=102943.70807283034 top_grad={'param': 'encoder.Emb.mlp_output.2.weight', 'grad_norm': 37525159936.0, 'n_bad': 0}
2026-08-28 10:08:08 | epoch 15/2000 | tr_RE=10.892445 val_RE=11.009354 KL=4.2900 beta=0.01 | 138.5s
2026-08-28 10:08:58 | hb step=850 ep=16 RE=10.49 KL=5.397 gnorm=102071099218373.52 wnorm=271.85394138670426 mu_absmax=4.087461948394775 logvar=[-5.76593542098999,-3.090756893157959] sat_hi=0.0 sine_angle=102943.70807283034 top_grad={'param': 'encoder.encoder_Transformer.feature_layer.layers.0.self_attn.in_proj_weight', 'grad_norm': 94436314841088.0, 'n_bad': 0}
2026-08-28 10:10:26 | epoch 16/2000 | tr_RE=10.765755 val_RE=10.866362 KL=5.3910 beta=0 | 138.2s
2026-08-28 10:11:12 | hb step=900 ep=17 RE=10.74 KL=5.653 gnorm=1.622113607445765e+16 wnorm=271.9566320804479 mu_absmax=4.119733810424805 logvar=[-5.809319496154785,-3.5959155559539795] sat_hi=0.0 sine_angle=102943.70807283034 top_grad={'param': 'encoder.Emb.mlp_output.2.weight', 'grad_norm': 1.4483067808776192e+16, 'n_bad': 0}
2026-08-28 10:12:45 | epoch 17/2000 | tr_RE=10.675248 val_RE=10.769428 KL=5.5963 beta=0.0025 | 139.1s
2026-08-28 10:13:26 | hb step=950 ep=18 RE=10.44 KL=5.563 gnorm=632071293738274.4 wnorm=272.00284904137436 mu_absmax=4.129931449890137 logvar=[-5.808340072631836,-3.313918113708496] sat_hi=0.0 sine_angle=102943.70807283034 top_grad={'param': 'encoder.Emb.mlp_output.2.weight', 'grad_norm': 553464249712640.0, 'n_bad': 0}
2026-08-28 10:15:04 | epoch 18/2000 | tr_RE=10.597054 val_RE=10.818349 KL=5.4324 beta=0.005 | 138.3s
2026-08-28 10:15:40 | hb step=1000 ep=19 RE=10.54 KL=3.942 gnorm=346426710847.6414 wnorm=272.0214091629627 mu_absmax=4.140145301818848 logvar=[-5.797292232513428,1.6788387298583984] sat_hi=0.0 sine_angle=102943.70807283034 top_grad={'param': 'encoder.Emb.mlp_output.2.weight', 'grad_norm': 331697356800.0, 'n_bad': 0}
2026-08-28 10:17:22 | epoch 19/2000 | tr_RE=10.564966 val_RE=10.674814 KL=3.8183 beta=0.0075 | 138.6s
2026-08-28 10:17:53 | hb step=1050 ep=20 RE=10.92 KL=3.344 gnorm=387077057064.2874 wnorm=272.02656089557263 mu_absmax=4.1338300704956055 logvar=[-5.800997734069824,1.568100929260254] sat_hi=0.0 sine_angle=102943.70807283034 top_grad={'param': 'encoder.Emb.mlp_output.2.weight', 'grad_norm': 369052286976.0, 'n_bad': 0}
2026-08-28 10:19:41 | epoch 20/2000 | tr_RE=10.544833 val_RE=10.679571 KL=3.3023 beta=0.01 | 138.5s
2026-08-28 10:20:07 | hb step=1100 ep=21 RE=10.39 KL=3.69 gnorm=533008445324124.75 wnorm=272.01534962814924 mu_absmax=4.141071796417236 logvar=[-5.820742607116699,0.671513557434082] sat_hi=0.0 sine_angle=102943.70807283034 top_grad={'param': 'encoder.Emb.mlp_output.2.weight', 'grad_norm': 481595756642304.0, 'n_bad': 0}
2026-08-28 10:21:59 | epoch 21/2000 | tr_RE=10.512747 val_RE=10.806480 KL=4.4272 beta=0 | 138.3s
2026-08-28 10:22:20 | hb step=1150 ep=22 RE=10.16 KL=4.871 gnorm=1.0399907077507579e+17 wnorm=272.0001525416387 mu_absmax=4.12193489074707 logvar=[-5.856665134429932,-3.876103401184082] sat_hi=0.0 sine_angle=102943.70807283034 top_grad={'param': 'encoder.Emb.mlp_output.2.weight', 'grad_norm': 9.136658158977024e+16, 'n_bad': 0}
2026-08-28 10:24:17 | epoch 22/2000 | tr_RE=10.501658 val_RE=10.651136 KL=4.7415 beta=0.0025 | 138.3s
2026-08-28 10:24:34 | hb step=1200 ep=23 RE=10.33 KL=3.159 gnorm=8.939723319873315e+16 wnorm=271.9846982928659 mu_absmax=4.131300449371338 logvar=[-5.844024181365967,1.4050827026367188] sat_hi=0.0 sine_angle=102943.70807283034 top_grad={'param': 'encoder.Emb.mlp_output.2.weight', 'grad_norm': 8.007313688363008e+16, 'n_bad': 0}
2026-08-28 10:26:36 | epoch 23/2000 | tr_RE=10.488713 val_RE=10.634419 KL=4.5882 beta=0.005 | 138.9s
2026-08-28 10:26:48 | hb step=1250 ep=24 RE=10.5 KL=4.673 gnorm=283135064989.832 wnorm=271.9895392122854 mu_absmax=4.1297287940979 logvar=[-5.8596601486206055,-3.8549373149871826] sat_hi=0.0 sine_angle=102943.70807283034 top_grad={'param': 'encoder.Emb.mlp_output.2.weight', 'grad_norm': 232980938752.0, 'n_bad': 0}
2026-08-28 10:28:55 | epoch 24/2000 | tr_RE=10.477805 val_RE=10.589194 KL=4.4495 beta=0.0075 | 139.0s
2026-08-28 10:29:02 | hb step=1300 ep=25 RE=10.23 KL=3.298 gnorm=2159945465681250.2 wnorm=271.98115201590076 mu_absmax=4.125467300415039 logvar=[-5.808996200561523,0.7932043075561523] sat_hi=0.0 sine_angle=102943.70807283034 top_grad={'param': 'encoder.Emb.mlp_output.2.weight', 'grad_norm': 1627414111191040.0, 'n_bad': 0}
2026-08-28 10:31:03 | hb step=1350 ep=25 RE=10.1 KL=2.971 gnorm=1.8054937200878897e+19 wnorm=271.9886560219988 mu_absmax=4.127131462097168 logvar=[-5.829101085662842,1.3666305541992188] sat_hi=0.0 sine_angle=102943.70807283034 top_grad={'param': 'encoder.Emb.embeddings_list.0.weight', 'grad_norm': inf, 'n_bad': 0}
2026-08-28 10:31:14 | epoch 25/2000 | tr_RE=10.471441 val_RE=10.666235 KL=3.0389 beta=0.01 | 139.0s
2026-08-28 10:33:17 | hb step=1400 ep=26 RE=10.66 KL=4.52 gnorm=554706782577872.9 wnorm=271.9786275316819 mu_absmax=4.137381553649902 logvar=[-5.865556240081787,-3.4311015605926514] sat_hi=0.0 sine_angle=102943.70807283034 top_grad={'param': 'encoder.Emb.mlp_output.2.weight', 'grad_norm': 496314576011264.0, 'n_bad': 0}
2026-08-28 10:33:33 | epoch 26/2000 | tr_RE=10.468036 val_RE=10.595748 KL=4.0068 beta=0 | 138.9s
2026-08-28 10:35:31 | hb step=1450 ep=27 RE=10.45 KL=3.07 gnorm=7812670428100859.0 wnorm=271.96655017923376 mu_absmax=4.144225597381592 logvar=[-5.865206718444824,1.193030834197998] sat_hi=0.0 sine_angle=102943.70807283034 top_grad={'param': 'encoder.Emb.mlp_output.2.weight', 'grad_norm': 7479108409753600.0, 'n_bad': 0}
2026-08-28 10:35:52 | epoch 27/2000 | tr_RE=10.457057 val_RE=10.619729 KL=3.8062 beta=0.0025 | 139.1s
2026-08-28 10:37:46 | hb step=1500 ep=28 RE=10.25 KL=2.927 gnorm=3.587664038072677e+16 wnorm=271.95476288170073 mu_absmax=4.160905838012695 logvar=[-5.861117362976074,1.2786006927490234] sat_hi=0.0 sine_angle=102943.70807283034 top_grad={'param': 'encoder.Emb.mlp_output.2.weight', 'grad_norm': 3.176730684555264e+16, 'n_bad': 0}
2026-08-28 10:38:11 | epoch 28/2000 | tr_RE=10.448734 val_RE=10.558333 KL=2.9747 beta=0.005 | 139.1s
2026-08-28 10:39:59 | hb step=1550 ep=29 RE=10.3 KL=2.927 gnorm=1.4623237435903926e+16 wnorm=271.9491766911843 mu_absmax=4.166393756866455 logvar=[-5.865962982177734,1.1418695449829102] sat_hi=0.0 sine_angle=102943.70807283034 top_grad={'param': 'encoder.Emb.mlp_output.2.weight', 'grad_norm': 1.2972131600039936e+16, 'n_bad': 0}
2026-08-28 10:40:30 | epoch 29/2000 | tr_RE=10.443582 val_RE=10.605223 KL=2.8941 beta=0.0075 | 138.6s
2026-08-28 10:42:13 | hb step=1600 ep=30 RE=10.18 KL=2.787 gnorm=4.2092456200089256e+16 wnorm=271.94424194666766 mu_absmax=4.1679606437683105 logvar=[-5.869252681732178,1.1260952949523926] sat_hi=0.0 sine_angle=102943.70807283034 top_grad={'param': 'encoder.Emb.mlp_output.2.weight', 'grad_norm': 3.706822205426893e+16, 'n_bad': 0}
2026-08-28 10:42:49 | epoch 30/2000 | tr_RE=10.439563 val_RE=10.606852 KL=2.7972 beta=0.01 | 138.5s
2026-08-28 10:44:27 | hb step=1650 ep=31 RE=10.46 KL=3.947 gnorm=1.4211142252218763e+17 wnorm=271.93038149820063 mu_absmax=4.166683673858643 logvar=[-5.888281345367432,-0.5160374641418457] sat_hi=0.0 sine_angle=102943.70807283034 top_grad={'param': 'encoder.Emb.mlp_output.2.weight', 'grad_norm': 1.2543197725904077e+17, 'n_bad': 0}
2026-08-28 10:45:07 | epoch 31/2000 | tr_RE=10.425853 val_RE=10.561803 KL=3.3654 beta=0 | 138.8s
2026-08-28 10:46:41 | hb step=1700 ep=32 RE=10.32 KL=2.788 gnorm=9522846004682258.0 wnorm=271.92365375085666 mu_absmax=4.165294647216797 logvar=[-5.889546871185303,1.1817798614501953] sat_hi=0.0 sine_angle=102943.70807283034 top_grad={'param': 'encoder.Emb.mlp_output.2.weight', 'grad_norm': 8471705416630272.0, 'n_bad': 0}
2026-08-28 10:47:26 | epoch 32/2000 | tr_RE=10.414674 val_RE=10.559685 KL=2.9334 beta=0.0025 | 139.0s
2026-08-28 10:48:55 | hb step=1750 ep=33 RE=10.57 KL=2.72 gnorm=6038403215435645.0 wnorm=271.91719737125766 mu_absmax=4.172152042388916 logvar=[-5.892853736877441,1.0857748985290527] sat_hi=0.0 sine_angle=102943.70807283034 top_grad={'param': 'encoder.Emb.mlp_output.2.weight', 'grad_norm': 5314280610070528.0, 'n_bad': 0}
2026-08-28 10:49:45 | epoch 33/2000 | tr_RE=10.408190 val_RE=10.513044 KL=2.7620 beta=0.005 | 138.5s
2026-08-28 10:51:09 | hb step=1800 ep=34 RE=10.77 KL=2.642 gnorm=5788358035426486.0 wnorm=271.90999054791195 mu_absmax=4.167491912841797 logvar=[-5.89484977722168,1.0263323783874512] sat_hi=0.0 sine_angle=102943.70807283034 top_grad={'param': 'encoder.Emb.mlp_output.2.weight', 'grad_norm': 5171340877234176.0, 'n_bad': 0}
2026-08-28 10:52:03 | epoch 34/2000 | tr_RE=10.434005 val_RE=10.559886 KL=2.6885 beta=0.0075 | 138.7s
2026-08-28 10:53:23 | hb step=1850 ep=35 RE=10.06 KL=2.631 gnorm=6463889992022164.0 wnorm=271.90135816061553 mu_absmax=4.156769752502441 logvar=[-5.89755392074585,1.0657920837402344] sat_hi=0.0 sine_angle=102943.70807283034 top_grad={'param': 'encoder.Emb.mlp_output.2.weight', 'grad_norm': 6422676377698304.0, 'n_bad': 0}
2026-08-28 10:54:22 | epoch 35/2000 | tr_RE=10.520565 val_RE=10.522770 KL=2.6004 beta=0.01 | 138.7s
2026-08-28 10:55:36 | hb step=1900 ep=36 RE=11.38 KL=2.758 gnorm=4070386466566155.5 wnorm=271.8985994112514 mu_absmax=4.162594795227051 logvar=[-5.909719944000244,0.3762698173522949] sat_hi=0.0 sine_angle=102943.70807283034 top_grad={'param': 'encoder.Emb.mlp_output.2.weight', 'grad_norm': 3565794055159808.0, 'n_bad': 0}
2026-08-28 10:56:41 | epoch 36/2000 | tr_RE=10.743017 val_RE=10.490034 KL=2.7442 beta=0 | 138.5s
2026-08-28 10:57:51 | hb step=1950 ep=37 RE=11.06 KL=2.615 gnorm=2209123059290484.0 wnorm=271.8863156510897 mu_absmax=4.16973876953125 logvar=[-5.9132304191589355,1.013972282409668] sat_hi=0.0 sine_angle=102943.70807283034 top_grad={'param': 'encoder.Emb.mlp_output.2.weight', 'grad_norm': 1981740591611904.0, 'n_bad': 0}
2026-08-28 10:59:00 | epoch 37/2000 | tr_RE=10.983767 val_RE=10.528627 KL=2.6238 beta=0.0025 | 139.3s
2026-08-28 11:00:05 | hb step=2000 ep=38 RE=11.75 KL=2.568 gnorm=1.5418384365358438e+16 wnorm=271.88654615048654 mu_absmax=4.159884452819824 logvar=[-5.917036533355713,0.9525852203369141] sat_hi=0.0 sine_angle=102943.70807283034 top_grad={'param': 'encoder.Emb.mlp_output.2.weight', 'grad_norm': 1.3526699924783104e+16, 'n_bad': 0}
2026-08-28 11:01:19 | epoch 38/2000 | tr_RE=10.947417 val_RE=10.487877 KL=2.5705 beta=0.005 | 139.0s
2026-08-28 11:02:19 | hb step=2050 ep=39 RE=10.92 KL=2.543 gnorm=1.7406980418335892e+16 wnorm=271.87498804010875 mu_absmax=4.155542850494385 logvar=[-5.922097682952881,0.9859738349914551] sat_hi=0.0 sine_angle=102943.70807283034 top_grad={'param': 'encoder.Emb.mlp_output.2.weight', 'grad_norm': 1.596108094570496e+16, 'n_bad': 0}
2026-08-28 11:03:38 | epoch 39/2000 | tr_RE=11.076637 val_RE=10.506658 KL=2.5046 beta=0.0075 | 139.5s
2026-08-28 11:04:34 | hb step=2100 ep=40 RE=10.77 KL=2.432 gnorm=794081327967656.0 wnorm=271.86546204989264 mu_absmax=4.16450309753418 logvar=[-5.922911167144775,0.879643440246582] sat_hi=0.0 sine_angle=102943.70807283034 top_grad={'param': 'encoder.Emb.mlp_output.2.weight', 'grad_norm': 711530387603456.0, 'n_bad': 0}
2026-08-28 11:05:59 | epoch 40/2000 | tr_RE=10.981306 val_RE=10.465568 KL=2.4163 beta=0.01 | 140.5s
2026-08-28 11:06:49 | hb step=2150 ep=41 RE=12.02 KL=2.445 gnorm=4899141157505.625 wnorm=271.8556142105605 mu_absmax=4.153263092041016 logvar=[-5.929357528686523,0.6495575904846191] sat_hi=0.0 sine_angle=102943.70807283034 top_grad={'param': 'encoder.Emb.mlp_output.2.weight', 'grad_norm': 4318302306304.0, 'n_bad': 0}
2026-08-28 11:08:19 | epoch 41/2000 | tr_RE=11.101537 val_RE=10.496243 KL=2.4815 beta=0 | 139.5s
2026-08-28 11:09:04 | hb step=2200 ep=42 RE=10.46 KL=2.446 gnorm=9689994321207144.0 wnorm=271.8432037507383 mu_absmax=4.148505687713623 logvar=[-5.9304633140563965,0.9093742370605469] sat_hi=0.0 sine_angle=102943.70807283034 top_grad={'param': 'encoder.Emb.mlp_output.2.weight', 'grad_norm': 8837636093378560.0, 'n_bad': 0}
2026-08-28 11:10:38 | epoch 42/2000 | tr_RE=11.011541 val_RE=10.480638 KL=2.4312 beta=0.0025 | 139.4s
2026-08-28 11:11:18 | hb step=2250 ep=43 RE=10.91 KL=2.373 gnorm=4.905691482755894e+16 wnorm=271.83569083382724 mu_absmax=4.1514153480529785 logvar=[-5.933675289154053,0.9210958480834961] sat_hi=0.0 sine_angle=102943.70807283034 top_grad={'param': 'encoder.Emb.mlp_output.2.weight', 'grad_norm': 4.232774451567002e+16, 'n_bad': 0}
2026-08-28 11:12:57 | epoch 43/2000 | tr_RE=10.978140 val_RE=10.492780 KL=2.3848 beta=0.005 | 139.4s
2026-08-28 11:13:34 | hb step=2300 ep=44 RE=10.35 KL=2.345 gnorm=5641513810084.4 wnorm=271.82672523552634 mu_absmax=4.15594482421875 logvar=[-5.935613632202148,0.8413572311401367] sat_hi=0.0 sine_angle=102943.70807283034 top_grad={'param': 'encoder.Emb.mlp_output.2.weight', 'grad_norm': 4881008033792.0, 'n_bad': 0}
2026-08-28 11:15:17 | epoch 44/2000 | tr_RE=11.045743 val_RE=10.455997 KL=2.3221 beta=0.0075 | 140.1s
2026-08-28 11:15:49 | hb step=2350 ep=45 RE=11.22 KL=2.281 gnorm=1.4549112257934132e+16 wnorm=271.8249755404562 mu_absmax=4.16041898727417 logvar=[-5.938522815704346,0.8722705841064453] sat_hi=0.0 sine_angle=102943.70807283034 top_grad={'param': 'encoder.Emb.mlp_output.2.weight', 'grad_norm': 1.2942058239033344e+16, 'n_bad': 0}
2026-08-28 11:17:38 | epoch 45/2000 | tr_RE=11.039543 val_RE=10.400881 KL=2.2285 beta=0.01 | 140.6s
2026-08-28 11:18:05 | hb step=2400 ep=46 RE=11.42 KL=2.177 gnorm=7.379763790554685e+18 wnorm=271.8223333364905 mu_absmax=4.149030685424805 logvar=[-5.937597751617432,0.7866306304931641] sat_hi=0.0 sine_angle=102943.70807283034 top_grad={'param': 'encoder.Emb.embeddings_list.0.weight', 'grad_norm': inf, 'n_bad': 0}
2026-08-28 11:19:58 | epoch 46/2000 | tr_RE=11.037982 val_RE=10.450659 KL=2.2643 beta=0 | 140.2s
2026-08-28 11:20:20 | hb step=2450 ep=47 RE=10.94 KL=2.296 gnorm=4.991816225350783e+16 wnorm=271.8174033132995 mu_absmax=4.151739597320557 logvar=[-5.9476542472839355,0.503901481628418] sat_hi=0.0 sine_angle=102943.70807283034 top_grad={'param': 'encoder.Emb.mlp_output.2.weight', 'grad_norm': 4.531112758371942e+16, 'n_bad': 0}
2026-08-28 11:22:18 | epoch 47/2000 | tr_RE=10.928441 val_RE=10.460307 KL=2.2392 beta=0.0025 | 140.1s
2026-08-28 11:22:35 | hb step=2500 ep=48 RE=11.18 KL=2.253 gnorm=7139127162297768.0 wnorm=271.808925009509 mu_absmax=4.147418975830078 logvar=[-5.948033332824707,0.9095659255981445] sat_hi=0.0 sine_angle=102943.70807283034 top_grad={'param': 'encoder.Emb.mlp_output.2.weight', 'grad_norm': 6452355675455488.0, 'n_bad': 0}
2026-08-28 11:24:38 | epoch 48/2000 | tr_RE=11.057520 val_RE=10.432581 KL=2.1836 beta=0.005 | 139.6s
2026-08-28 11:24:50 | hb step=2550 ep=49 RE=10.92 KL=2.171 gnorm=2.0921669881390076e+16 wnorm=271.806507659461 mu_absmax=4.1472601890563965 logvar=[-5.948825836181641,0.7928104400634766] sat_hi=0.0 sine_angle=102943.70807283034 top_grad={'param': 'encoder.Emb.mlp_output.2.weight', 'grad_norm': 1.9286050278998016e+16, 'n_bad': 0}
2026-08-28 11:26:59 | epoch 49/2000 | tr_RE=10.908493 val_RE=10.408539 KL=2.1323 beta=0.0075 | 140.7s
2026-08-28 11:27:06 | hb step=2600 ep=50 RE=10.81 KL=2.097 gnorm=1.9928372293129104e+16 wnorm=271.81079771682636 mu_absmax=4.1458539962768555 logvar=[-5.949951171875,0.7419357299804688] sat_hi=0.0 sine_angle=102943.70807283034 top_grad={'param': 'encoder.Emb.mlp_output.2.weight', 'grad_norm': 1.659279010430976e+16, 'n_bad': 0}
2026-08-28 11:29:08 | hb step=2650 ep=50 RE=11.23 KL=1.994 gnorm=2218424555584112.5 wnorm=271.8049591629381 mu_absmax=4.129737854003906 logvar=[-5.950448036193848,0.7809972763061523] sat_hi=0.0 sine_angle=102943.70807283034 top_grad={'param': 'encoder.Emb.mlp_output.2.weight', 'grad_norm': 1948021474459648.0, 'n_bad': 0}
2026-08-28 11:29:19 | epoch 50/2000 | tr_RE=10.962794 val_RE=10.449624 KL=2.0565 beta=0.01 | 140.5s
2026-08-28 11:31:23 | hb step=2700 ep=51 RE=10.74 KL=2.101 gnorm=5.385145476165605e+16 wnorm=271.8097274167932 mu_absmax=4.141847133636475 logvar=[-5.957263946533203,0.3755965232849121] sat_hi=0.0 sine_angle=102943.70807283034 top_grad={'param': 'encoder.Emb.mlp_output.2.weight', 'grad_norm': 4.718567464999322e+16, 'n_bad': 0}
2026-08-28 11:31:40 | epoch 51/2000 | tr_RE=10.953478 val_RE=10.404853 KL=2.0647 beta=0 | 140.4s
2026-08-28 11:31:40 | patience>5: max_beta -> 0.005
2026-08-28 11:33:39 | hb step=2750 ep=52 RE=10.71 KL=2.037 gnorm=1.562956209502584e+19 wnorm=271.80887699356254 mu_absmax=4.125602722167969 logvar=[-5.958037376403809,0.7680416107177734] sat_hi=0.0 sine_angle=102943.70807283034 top_grad={'param': 'encoder.Emb.embeddings_list.0.weight', 'grad_norm': inf, 'n_bad': 0}
2026-08-28 11:34:00 | epoch 52/2000 | tr_RE=10.892762 val_RE=10.401847 KL=2.0412 beta=0.0025 | 140.4s
2026-08-28 11:35:54 | hb step=2800 ep=53 RE=11.78 KL=1.998 gnorm=5.038986143823056e+16 wnorm=271.8086057090715 mu_absmax=4.129426002502441 logvar=[-5.959630966186523,0.7117352485656738] sat_hi=0.0 sine_angle=102943.70807283034 top_grad={'param': 'encoder.Emb.mlp_output.2.weight', 'grad_norm': 4.605238739940147e+16, 'n_bad': 0}
2026-08-28 11:36:20 | epoch 53/2000 | tr_RE=10.951112 val_RE=10.366324 KL=2.0139 beta=0.0025 | 140.4s
2026-08-28 11:38:10 | hb step=2850 ep=54 RE=11.14 KL=1.999 gnorm=3.604746158895069e+16 wnorm=271.80752539034495 mu_absmax=4.125907897949219 logvar=[-5.961060523986816,0.6983108520507812] sat_hi=0.0 sine_angle=102943.70807283034 top_grad={'param': 'encoder.Emb.mlp_output.2.weight', 'grad_norm': 3.262137397726413e+16, 'n_bad': 0}
2026-08-28 11:38:41 | epoch 54/2000 | tr_RE=10.912866 val_RE=10.409863 KL=1.9887 beta=0.00375 | 140.3s
2026-08-28 11:40:25 | hb step=2900 ep=55 RE=11.04 KL=1.922 gnorm=4253789324565604.0 wnorm=271.806463341659 mu_absmax=4.13242769241333 logvar=[-5.962499141693115,0.8078141212463379] sat_hi=0.0 sine_angle=102943.70807283034 top_grad={'param': 'encoder.Emb.mlp_output.2.weight', 'grad_norm': 4002678396944384.0, 'n_bad': 0}
2026-08-28 11:41:01 | epoch 55/2000 | tr_RE=10.926147 val_RE=10.353501 KL=1.9503 beta=0.005 | 140.2s
2026-08-28 11:42:40 | hb step=2950 ep=56 RE=10.66 KL=1.919 gnorm=3.4556367436253844e+16 wnorm=271.82566238745676 mu_absmax=4.133029460906982 logvar=[-5.966341972351074,0.5649919509887695] sat_hi=0.0 sine_angle=102943.70807283034 top_grad={'param': 'encoder.Emb.mlp_output.2.weight', 'grad_norm': 3.046263536746496e+16, 'n_bad': 0}
2026-08-28 11:43:21 | epoch 56/2000 | tr_RE=10.923158 val_RE=10.346291 KL=1.9529 beta=0 | 140.0s
2026-08-28 11:44:56 | hb step=3000 ep=57 RE=10.62 KL=1.99 gnorm=1.0912094265742101e+17 wnorm=271.83054375609845 mu_absmax=4.131899356842041 logvar=[-5.968261241912842,0.7408061027526855] sat_hi=0.0 sine_angle=102943.70807283034 top_grad={'param': 'encoder.Emb.mlp_output.2.weight', 'grad_norm': 9.745888961993114e+16, 'n_bad': 0}
2026-08-28 11:45:45 | epoch 57/2000 | tr_RE=10.833843 val_RE=10.374821 KL=1.9466 beta=0.00125 | 144.0s
2026-08-28 11:47:14 | hb step=3050 ep=58 RE=10.8 KL=1.913 gnorm=6863763658360604.0 wnorm=271.84659262557415 mu_absmax=4.113134860992432 logvar=[-5.969070911407471,0.7346076965332031] sat_hi=0.0 sine_angle=102943.70807283034 top_grad={'param': 'encoder.Emb.mlp_output.2.weight', 'grad_norm': 6298394519666688.0, 'n_bad': 0}
2026-08-28 11:48:04 | epoch 58/2000 | tr_RE=10.860789 val_RE=10.363720 KL=1.9183 beta=0.0025 | 139.7s
2026-08-28 11:49:29 | hb step=3100 ep=59 RE=10.28 KL=1.93 gnorm=3.2988182089587324e+16 wnorm=271.87075672007865 mu_absmax=4.0882673263549805 logvar=[-5.970399856567383,0.6756062507629395] sat_hi=0.0 sine_angle=102943.70807283034 top_grad={'param': 'encoder.Emb.mlp_output.2.weight', 'grad_norm': 2.701878885561139e+16, 'n_bad': 0}
2026-08-28 11:50:24 | epoch 59/2000 | tr_RE=10.835831 val_RE=10.296486 KL=1.8906 beta=0.00375 | 139.9s
2026-08-28 11:51:44 | hb step=3150 ep=60 RE=10.41 KL=1.862 gnorm=2.259288077259564e+16 wnorm=271.89030804283266 mu_absmax=4.075404167175293 logvar=[-5.971652984619141,0.7170257568359375] sat_hi=0.0 sine_angle=102943.70807283034 top_grad={'param': 'encoder.Emb.mlp_output.2.weight', 'grad_norm': 2.023751867904819e+16, 'n_bad': 0}
2026-08-28 11:52:44 | epoch 60/2000 | tr_RE=10.813566 val_RE=10.480073 KL=1.8551 beta=0.005 | 139.8s
2026-08-28 11:54:00 | hb step=3200 ep=61 RE=10.22 KL=1.86 gnorm=9.712590221689795e+18 wnorm=271.91340050526344 mu_absmax=4.084018707275391 logvar=[-5.973983287811279,0.6149702072143555] sat_hi=0.0 sine_angle=102943.70807283034 top_grad={'param': 'encoder.Emb.embeddings_list.0.weight', 'grad_norm': inf, 'n_bad': 0}
2026-08-28 11:55:06 | epoch 61/2000 | tr_RE=10.763079 val_RE=10.562813 KL=1.8541 beta=0 | 141.3s
2026-08-28 11:56:16 | hb step=3250 ep=62 RE=10.54 KL=1.825 gnorm=1.8953409794286453e+19 wnorm=271.9404040080198 mu_absmax=4.084957122802734 logvar=[-5.976027011871338,0.6601858139038086] sat_hi=0.0 sine_angle=102943.70807283034 top_grad={'param': 'encoder.Emb.embeddings_list.0.weight', 'grad_norm': inf, 'n_bad': 0}
2026-08-28 11:57:27 | epoch 62/2000 | tr_RE=10.703893 val_RE=10.161354 KL=1.8517 beta=0.00125 | 140.9s
2026-08-28 11:58:32 | hb step=3300 ep=63 RE=10.43 KL=1.8 gnorm=1.4299863480829022e+17 wnorm=271.95616001695623 mu_absmax=4.077340126037598 logvar=[-5.976659297943115,0.7800531387329102] sat_hi=0.0 sine_angle=102943.70807283034 top_grad={'param': 'encoder.Emb.mlp_output.2.weight', 'grad_norm': 1.2768762536342323e+17, 'n_bad': 0}
